Archive member included to satisfy reference by file (symbol)

C:/Users/Acee/.pico-sdk/toolchain/13_3_Rel1/bin/../lib/gcc/arm-none-eabi/13.3.1/thumb/v6-m/nofp\libgcc.a(_dvmd_tls.o)
                              CMakeFiles/tarefa_teclado_matricial.dir/C_/Users/Acee/.pico-sdk/sdk/2.1.0/src/rp2_common/pico_divider/divider_hardware.S.obj (__aeabi_idiv0)
C:/Users/Acee/.pico-sdk/toolchain/13_3_Rel1/bin/../lib/gcc/arm-none-eabi/13.3.1/thumb/v6-m/nofp\libg.a(libc_a-calloc.o)
                              CMakeFiles/tarefa_teclado_matricial.dir/C_/Users/Acee/.pico-sdk/sdk/2.1.0/src/rp2_common/pico_malloc/malloc.c.obj (calloc)
C:/Users/Acee/.pico-sdk/toolchain/13_3_Rel1/bin/../lib/gcc/arm-none-eabi/13.3.1/thumb/v6-m/nofp\libg.a(libc_a-callocr.o)
                              C:/Users/Acee/.pico-sdk/toolchain/13_3_Rel1/bin/../lib/gcc/arm-none-eabi/13.3.1/thumb/v6-m/nofp\libg.a(libc_a-calloc.o) (_calloc_r)
C:/Users/Acee/.pico-sdk/toolchain/13_3_Rel1/bin/../lib/gcc/arm-none-eabi/13.3.1/thumb/v6-m/nofp\libg.a(libc_a-malloc.o)
                              CMakeFiles/tarefa_teclado_matricial.dir/C_/Users/Acee/.pico-sdk/sdk/2.1.0/src/rp2_common/pico_malloc/malloc.c.obj (malloc)
C:/Users/Acee/.pico-sdk/toolchain/13_3_Rel1/bin/../lib/gcc/arm-none-eabi/13.3.1/thumb/v6-m/nofp\libg.a(libc_a-mallocr.o)
                              C:/Users/Acee/.pico-sdk/toolchain/13_3_Rel1/bin/../lib/gcc/arm-none-eabi/13.3.1/thumb/v6-m/nofp\libg.a(libc_a-callocr.o) (_malloc_r)
C:/Users/Acee/.pico-sdk/toolchain/13_3_Rel1/bin/../lib/gcc/arm-none-eabi/13.3.1/thumb/v6-m/nofp\libg.a(libc_a-mlock.o)
                              C:/Users/Acee/.pico-sdk/toolchain/13_3_Rel1/bin/../lib/gcc/arm-none-eabi/13.3.1/thumb/v6-m/nofp\libg.a(libc_a-mallocr.o) (__malloc_lock)
C:/Users/Acee/.pico-sdk/toolchain/13_3_Rel1/bin/../lib/gcc/arm-none-eabi/13.3.1/thumb/v6-m/nofp\libg.a(libc_a-realloc.o)
                              CMakeFiles/tarefa_teclado_matricial.dir/C_/Users/Acee/.pico-sdk/sdk/2.1.0/src/rp2_common/pico_malloc/malloc.c.obj (realloc)
C:/Users/Acee/.pico-sdk/toolchain/13_3_Rel1/bin/../lib/gcc/arm-none-eabi/13.3.1/thumb/v6-m/nofp\libg.a(libc_a-reallocr.o)
                              C:/Users/Acee/.pico-sdk/toolchain/13_3_Rel1/bin/../lib/gcc/arm-none-eabi/13.3.1/thumb/v6-m/nofp\libg.a(libc_a-realloc.o) (_realloc_r)
C:/Users/Acee/.pico-sdk/toolchain/13_3_Rel1/bin/../lib/gcc/arm-none-eabi/13.3.1/thumb/v6-m/nofp\libg.a(libc_a-memcmp.o)
                              CMakeFiles/tarefa_teclado_matricial.dir/C_/Users/Acee/.pico-sdk/sdk/2.1.0/src/rp2_common/pico_atomic/atomic.c.obj (memcmp)
C:/Users/Acee/.pico-sdk/toolchain/13_3_Rel1/bin/../lib/gcc/arm-none-eabi/13.3.1/thumb/v6-m/nofp\libg.a(libc_a-memmove.o)
                              C:/Users/Acee/.pico-sdk/toolchain/13_3_Rel1/bin/../lib/gcc/arm-none-eabi/13.3.1/thumb/v6-m/nofp\libg.a(libc_a-reallocr.o) (memmove)
C:/Users/Acee/.pico-sdk/toolchain/13_3_Rel1/bin/../lib/gcc/arm-none-eabi/13.3.1/thumb/v6-m/nofp\libg.a(libc_a-lcltime_r.o)
                              CMakeFiles/tarefa_teclado_matricial.dir/C_/Users/Acee/.pico-sdk/sdk/2.1.0/src/common/pico_util/datetime.c.obj (localtime_r)
C:/Users/Acee/.pico-sdk/toolchain/13_3_Rel1/bin/../lib/gcc/arm-none-eabi/13.3.1/thumb/v6-m/nofp\libg.a(libc_a-mktime.o)
                              CMakeFiles/tarefa_teclado_matricial.dir/C_/Users/Acee/.pico-sdk/sdk/2.1.0/src/common/pico_util/datetime.c.obj (mktime)
C:/Users/Acee/.pico-sdk/toolchain/13_3_Rel1/bin/../lib/gcc/arm-none-eabi/13.3.1/thumb/v6-m/nofp\libg.a(libc_a-month_lengths.o)
                              C:/Users/Acee/.pico-sdk/toolchain/13_3_Rel1/bin/../lib/gcc/arm-none-eabi/13.3.1/thumb/v6-m/nofp\libg.a(libc_a-lcltime_r.o) (__month_lengths)
C:/Users/Acee/.pico-sdk/toolchain/13_3_Rel1/bin/../lib/gcc/arm-none-eabi/13.3.1/thumb/v6-m/nofp\libg.a(libc_a-tzcalc_limits.o)
                              C:/Users/Acee/.pico-sdk/toolchain/13_3_Rel1/bin/../lib/gcc/arm-none-eabi/13.3.1/thumb/v6-m/nofp\libg.a(libc_a-lcltime_r.o) (__tzcalc_limits)
C:/Users/Acee/.pico-sdk/toolchain/13_3_Rel1/bin/../lib/gcc/arm-none-eabi/13.3.1/thumb/v6-m/nofp\libg.a(libc_a-tzlock.o)
                              C:/Users/Acee/.pico-sdk/toolchain/13_3_Rel1/bin/../lib/gcc/arm-none-eabi/13.3.1/thumb/v6-m/nofp\libg.a(libc_a-lcltime_r.o) (__tz_lock)
C:/Users/Acee/.pico-sdk/toolchain/13_3_Rel1/bin/../lib/gcc/arm-none-eabi/13.3.1/thumb/v6-m/nofp\libg.a(libc_a-tzset.o)
                              C:/Users/Acee/.pico-sdk/toolchain/13_3_Rel1/bin/../lib/gcc/arm-none-eabi/13.3.1/thumb/v6-m/nofp\libg.a(libc_a-lcltime_r.o) (_tzset_unlocked)
C:/Users/Acee/.pico-sdk/toolchain/13_3_Rel1/bin/../lib/gcc/arm-none-eabi/13.3.1/thumb/v6-m/nofp\libg.a(libc_a-tzset_r.o)
                              C:/Users/Acee/.pico-sdk/toolchain/13_3_Rel1/bin/../lib/gcc/arm-none-eabi/13.3.1/thumb/v6-m/nofp\libg.a(libc_a-tzset.o) (_tzset_unlocked_r)
C:/Users/Acee/.pico-sdk/toolchain/13_3_Rel1/bin/../lib/gcc/arm-none-eabi/13.3.1/thumb/v6-m/nofp\libg.a(libc_a-tzvars.o)
[...]
Memory Configuration

Name             Origin             Length             Attributes
FLASH            0x10000000         0x00200000         xr
RAM              0x20000000         0x00040000         xrw
SCRATCH_X        0x20040000         0x00001000         xrw
SCRATCH_Y        0x20041000         0x00001000         xrw
*default*        0x00000000         0xffffffff

Linker script and memory map

LOAD C:/Users/Acee/.pico-sdk/toolchain/13_3_Rel1/bin/../lib/gcc/arm-none-eabi/13.3.1/thumb/v6-m/nofp/crti.o
LOAD C:/Users/Acee/.pico-sdk/toolchain/13_3_Rel1/bin/../lib/gcc/arm-none-eabi/13.3.1/thumb/v6-m/nofp/crtbegin.o
LOAD C:/Users/Acee/.pico-sdk/toolchain/13_3_Rel1/bin/../lib/gcc/arm-none-eabi/13.3.1/thumb/v6-m/nofp/crt0.o

.flash_begin    0x10000000        0x0
                0x10000000                        __flash_binary_start = .

.boot2          0x10000000      0x100
                0x10000000                        __boot2_start__ = .
 *(.boot2)
 .boot2         0x10000000      0x100 pico-sdk/src/rp2040/boot_stage2/CMakeFiles/bs2_default_library.dir/./bs2_default_padded_checksummed.S.obj
                0x10000100                        __boot2_end__ = .
                0x00000001                        ASSERT (((__boot2_end__ - __boot2_start__) == 0x100), ERROR: Pico second stage bootloader must be 256 bytes in size)

.text           0x10000100     0x4a64
                0x10000100                        __logical_binary_start = .
 *(.vectors)
 .vectors       0x10000100       0xd4 CMakeFiles/tarefa_teclado_matricial.dir/C_/Users/Acee/.pico-sdk/sdk/2.1.0/src/rp2_common/pico_crt0/crt0.S.obj
                0x10000100                __VECTOR_TABLE
                0x10000100                __vectors
                0x100001c0                isr_invalid
                0x100001c0                __default_isrs_start
                0x100001c2                isr_nmi
                0x100001c4                isr_hardfault
                0x100001c6                isr_svcall
                0x100001c8                isr_pendsv
                0x100001ca                isr_systick
                0x100001cc                isr_irq23
                0x100001cc                isr_irq18
                0x100001cc                isr_irq11
                0x100001cc                isr_irq28
                0x100001cc                isr_irq19
                0x100001cc                isr_irq0
                0x100001cc                isr_irq6
                0x100001cc                isr_irq5
                0x100001cc                isr_irq12
                0x100001cc                isr_irq22
                0x100001cc                isr_irq31
                0x100001cc                isr_irq17
                0x100001cc                isr_irq27
                0x100001cc                isr_irq30
                0x100001cc                isr_irq2
                0x100001cc                isr_irq10
                0x100001cc                isr_irq8
                0x100001cc                isr_irq24
                0x100001cc                isr_irq1
                0x100001cc                isr_irq7
                0x100001cc                isr_irq21
                0x100001cc                isr_irq20
                0x100001cc                isr_irq15
                0x100001cc                isr_irq25
                0x100001cc                isr_irq13
                0x100001cc                __unhandled_user_irq
                0x100001cc                isr_irq4
                0x100001cc                isr_irq16
                0x100001cc                isr_irq29
                0x100001cc                isr_irq26
                0x100001cc                __default_isrs_end
                0x100001cc                isr_irq3
                0x100001cc                isr_irq14
                0x100001cc                isr_irq9
                0x100001d2                unhandled_user_irq_num_in_r0
 *(.binary_info_header)
 .binary_info_header
                0x100001d4       0x14 CMakeFiles/tarefa_teclado_matricial.dir/C_/Users/Acee/.pico-sdk/sdk/2.1.0/src/rp2_common/pico_crt0/crt0.S.obj
                0x100001e8                        __binary_info_header_end = .
 *(.embedded_block)
                0x100001e8                        __embedded_block_end = .
 *(.reset)
 .reset         0x100001e8       0x9c CMakeFiles/tarefa_teclado_matricial.dir/C_/Users/Acee/.pico-sdk/sdk/2.1.0/src/rp2_common/pico_crt0/crt0.S.obj
                0x100001e8                _entry_point
 *(.init)
 .init          0x10000284        0x4 C:/Users/Acee/.pico-sdk/toolchain/13_3_Rel1/bin/../lib/gcc/arm-none-eabi/13.3.1/thumb/v6-m/nofp/crti.o
                0x10000284                _init
 *(EXCLUDE_FILE(*libm.a: *libc.a:*lib_a-mem*.o *libgcc.a:) .text*)
 .text.register_tm_clones
                0x10000288       0x28 C:/Users/Acee/.pico-sdk/toolchain/13_3_Rel1/bin/../lib/gcc/arm-none-eabi/13.3.1/thumb/v6-m/nofp/crtbegin.o
 .text.frame_dummy
                0x100002b0       0x24 C:/Users/Acee/.pico-sdk/toolchain/13_3_Rel1/bin/../lib/gcc/arm-none-eabi/13.3.1/thumb/v6-m/nofp/crtbegin.o
 .text.init_gpio
                0x100002d4       0x98 CMakeFiles/tarefa_teclado_matricial.dir/tarefa_teclado_matricial.c.obj
                0x100002d4                init_gpio
 .text.startup.main
                0x1000036c       0x2c CMakeFiles/tarefa_teclado_matricial.dir/tarefa_teclado_matricial.c.obj
                0x1000036c                main
 .text.gpio_set_function
                0x10000398       0x34 CMakeFiles/tarefa_teclado_matricial.dir/C_/Users/Acee/.pico-sdk/sdk/2.1.0/src/rp2_common/hardware_gpio/gpio.c.obj
                0x10000398                gpio_set_function
 .text.gpio_set_pulls
                0x100003cc       0x28 CMakeFiles/tarefa_teclado_matricial.dir/C_/Users/Acee/.pico-sdk/sdk/2.1.0/src/rp2_common/hardware_gpio/gpio.c.obj
                0x100003cc                gpio_set_pulls
 .text.gpio_init
                0x100003f4       0x40 CMakeFiles/tarefa_teclado_matricial.dir/C_/Users/Acee/.pico-sdk/sdk/2.1.0/src/rp2_common/hardware_gpio/gpio.c.obj
                0x100003f4                gpio_init
 .text.rp2040_chip_version
                0x10000434        0xc CMakeFiles/tarefa_teclado_matricial.dir/C_/Users/Acee/.pico-sdk/sdk/2.1.0/src/rp2040/pico_platform/platform.c.obj
                0x10000434                rp2040_chip_version
 .text.panic    0x10000440       0x30 CMakeFiles/tarefa_teclado_matricial.dir/C_/Users/Acee/.pico-sdk/sdk/2.1.0/src/rp2_common/pico_platform_panic/panic.c.obj
                0x10000440                panic
 .text.hw_claim_or_assert
                0x10000470       0x44 CMakeFiles/tarefa_teclado_matricial.dir/C_/Users/Acee/.pico-sdk/sdk/2.1.0/src/common/hardware_claim/claim.c.obj
                0x10000470                hw_claim_or_assert
 .text.hw_claim_unused_from_range
                0x100004b4       0x9c CMakeFiles/tarefa_teclado_matricial.dir/C_/Users/Acee/.pico-sdk/sdk/2.1.0/src/common/hardware_claim/claim.c.obj
                0x100004b4                hw_claim_unused_from_range
 .text.next_striped_spin_lock_num
                0x10000550       0x18 CMakeFiles/tarefa_teclado_matricial.dir/C_/Users/Acee/.pico-sdk/sdk/2.1.0/src/rp2_common/hardware_sync/sync.c.obj
                0x10000550                next_striped_spin_lock_num
 .text.spin_lock_claim_unused
                0x10000568       0x24 CMakeFiles/tarefa_teclado_matricial.dir/C_/Users/Acee/.pico-sdk/sdk/2.1.0/src/rp2_common/hardware_sync/sync.c.obj
                0x10000568                spin_lock_claim_unused
 .text.spin_locks_reset
                0x1000058c       0x1c CMakeFiles/tarefa_teclado_matricial.dir/C_/Users/Acee/.pico-sdk/sdk/2.1.0/src/rp2_common/hardware_sync_spin_lock/sync_spin_lock.c.obj
                0x1000058c                spin_locks_reset
 .text.runtime_init_per_core_irq_priorities
                0x100005a8       0x24 CMakeFiles/tarefa_teclado_matricial.dir/C_/Users/Acee/.pico-sdk/sdk/2.1.0/src/rp2_common/hardware_irq/irq.c.obj
                0x100005a8                runtime_init_per_core_irq_priorities
 .text.irq_set_enabled
                0x100005cc       0x24 CMakeFiles/tarefa_teclado_matricial.dir/C_/Users/Acee/.pico-sdk/sdk/2.1.0/src/rp2_common/hardware_irq/irq.c.obj
                0x100005cc                irq_set_enabled
 .text.irq_is_enabled
                0x100005f0       0x18 CMakeFiles/tarefa_teclado_matricial.dir/C_/Users/Acee/.pico-sdk/sdk/2.1.0/src/rp2_common/hardware_irq/irq.c.obj
                0x100005f0                irq_is_enabled
 .text.irq_set_pending
                0x10000608       0x10 CMakeFiles/tarefa_teclado_matricial.dir/C_/Users/Acee/.pico-sdk/sdk/2.1.0/src/rp2_common/hardware_irq/irq.c.obj
                0x10000608                irq_set_pending
 .text.irq_has_shared_handler
                0x10000618       0x2c CMakeFiles/tarefa_teclado_matricial.dir/C_/Users/Acee/.pico-sdk/sdk/2.1.0/src/rp2_common/hardware_irq/irq.c.obj
                0x10000618                irq_has_shared_handler
 .text.irq_set_exclusive_handler
                0x10000644       0x54 CMakeFiles/tarefa_teclado_matricial.dir/C_/Users/Acee/.pico-sdk/sdk/2.1.0/src/rp2_common/hardware_irq/irq.c.obj
                0x10000644                irq_set_exclusive_handler
 .text.irq_add_shared_handler
                0x10000698      0x1f4 CMakeFiles/tarefa_teclado_matricial.dir/C_/Users/Acee/.pico-sdk/sdk/2.1.0/src/rp2_common/hardware_irq/irq.c.obj
                0x10000698                irq_add_shared_handler
 .text.irq_remove_handler
                0x1000088c      0x1d4 CMakeFiles/tarefa_teclado_matricial.dir/C_/Users/Acee/.pico-sdk/sdk/2.1.0/src/rp2_common/hardware_irq/irq.c.obj
                0x1000088c                irq_remove_handler
 .text.irq_add_tail_to_free_list
                0x10000a60       0xb4 CMakeFiles/tarefa_teclado_matricial.dir/C_/Users/Acee/.pico-sdk/sdk/2.1.0/src/rp2_common/hardware_irq/irq.c.obj
                0x10000a60                irq_add_tail_to_free_list
 .text.user_irq_claim_unused
                0x10000b14       0x2c CMakeFiles/tarefa_teclado_matricial.dir/C_/Users/Acee/.pico-sdk/sdk/2.1.0/src/rp2_common/hardware_irq/irq.c.obj
                0x10000b14                user_irq_claim_unused
 .text.lock_init
                0x10000b40       0x10 CMakeFiles/tarefa_teclado_matricial.dir/C_/Users/Acee/.pico-sdk/sdk/2.1.0/src/common/pico_sync/lock_core.c.obj
                0x10000b40                lock_init
 .text.runtime_init_mutex
                0x10000b50       0x50 CMakeFiles/tarefa_teclado_matricial.dir/C_/Users/Acee/.pico-sdk/sdk/2.1.0/src/common/pico_sync/mutex.c.obj
                0x10000b50                runtime_init_mutex
 .text.mutex_init
                0x10000ba0       0x1c CMakeFiles/tarefa_teclado_matricial.dir/C_/Users/Acee/.pico-sdk/sdk/2.1.0/src/common/pico_sync/mutex.c.obj
                0x10000ba0                mutex_init
 .text.critical_section_init
                0x10000bbc       0x1c CMakeFiles/tarefa_teclado_matricial.dir/C_/Users/Acee/.pico-sdk/sdk/2.1.0/src/common/pico_sync/critical_section.c.obj
                0x10000bbc                critical_section_init
 .text.critical_section_init_with_lock_num
                0x10000bd8       0x14 CMakeFiles/tarefa_teclado_matricial.dir/C_/Users/Acee/.pico-sdk/sdk/2.1.0/src/common/pico_sync/critical_section.c.obj
                0x10000bd8                critical_section_init_with_lock_num
 .text.sleep_until_callback
                0x10000bec       0x30 CMakeFiles/tarefa_teclado_matricial.dir/C_/Users/Acee/.pico-sdk/sdk/2.1.0/src/common/pico_time/time.c.obj
 .text.alarm_pool_irq_handler
                0x10000c1c      0x2fc CMakeFiles/tarefa_teclado_matricial.dir/C_/Users/Acee/.pico-sdk/sdk/2.1.0/src/common/pico_time/time.c.obj
 .text.runtime_init_default_alarm_pool
                0x10000f18       0xdc CMakeFiles/tarefa_teclado_matricial.dir/C_/Users/Acee/.pico-sdk/sdk/2.1.0/src/common/pico_time/time.c.obj
                0x10000f18                runtime_init_default_alarm_pool
 .text.alarm_pool_get_default
                0x10000ff4        0x8 CMakeFiles/tarefa_teclado_matricial.dir/C_/Users/Acee/.pico-sdk/sdk/2.1.0/src/common/pico_time/time.c.obj
                0x10000ff4                alarm_pool_get_default
 .text.alarm_pool_add_alarm_at
                0x10000ffc       0xd4 CMakeFiles/tarefa_teclado_matricial.dir/C_/Users/Acee/.pico-sdk/sdk/2.1.0/src/common/pico_time/time.c.obj
                0x10000ffc                alarm_pool_add_alarm_at
 .text.alarm_pool_add_alarm_at_force_in_context
                0x100010d0       0xb0 CMakeFiles/tarefa_teclado_matricial.dir/C_/Users/Acee/.pico-sdk/sdk/2.1.0/src/common/pico_time/time.c.obj
                0x100010d0                alarm_pool_add_alarm_at_force_in_context
 .text.alarm_pool_cancel_alarm
                0x10001180       0x74 CMakeFiles/tarefa_teclado_matricial.dir/C_/Users/Acee/.pico-sdk/sdk/2.1.0/src/common/pico_time/time.c.obj
                0x10001180                alarm_pool_cancel_alarm
 .text.alarm_pool_core_num
                0x100011f4        0x4 CMakeFiles/tarefa_teclado_matricial.dir/C_/Users/Acee/.pico-sdk/sdk/2.1.0/src/common/pico_time/time.c.obj
                0x100011f4                alarm_pool_core_num
 .text.sleep_until
                0x100011f8       0xd8 CMakeFiles/tarefa_teclado_matricial.dir/C_/Users/Acee/.pico-sdk/sdk/2.1.0/src/common/pico_time/time.c.obj
                0x100011f8                sleep_until
 .text.sleep_ms
                0x100012d0       0x38 CMakeFiles/tarefa_teclado_matricial.dir/C_/Users/Acee/.pico-sdk/sdk/2.1.0/src/common/pico_time/time.c.obj
                0x100012d0                sleep_ms
 .text.best_effort_wfe_or_timeout
                0x10001308       0xe0 CMakeFiles/tarefa_teclado_matricial.dir/C_/Users/Acee/.pico-sdk/sdk/2.1.0/src/common/pico_time/time.c.obj
                0x10001308                best_effort_wfe_or_timeout
 .text.timer_hardware_alarm_claim
                0x100013e8       0x14 CMakeFiles/tarefa_teclado_matricial.dir/C_/Users/Acee/.pico-sdk/sdk/2.1.0/src/rp2_common/hardware_timer/timer.c.obj
                0x100013e8                timer_hardware_alarm_claim
 .text.timer_time_us_64
                0x100013fc       0x10 CMakeFiles/tarefa_teclado_matricial.dir/C_/Users/Acee/.pico-sdk/sdk/2.1.0/src/rp2_common/hardware_timer/timer.c.obj
                0x100013fc                timer_time_us_64
 .text.time_us_64
                0x1000140c       0x14 CMakeFiles/tarefa_teclado_matricial.dir/C_/Users/Acee/.pico-sdk/sdk/2.1.0/src/rp2_common/hardware_timer/timer.c.obj
                0x1000140c                time_us_64
 .text.busy_wait_us
                0x10001420       0x68 CMakeFiles/tarefa_teclado_matricial.dir/C_/Users/Acee/.pico-sdk/sdk/2.1.0/src/rp2_common/hardware_timer/timer.c.obj
                0x10001420                busy_wait_us
 .text.busy_wait_until
                0x10001488       0x20 CMakeFiles/tarefa_teclado_matricial.dir/C_/Users/Acee/.pico-sdk/sdk/2.1.0/src/rp2_common/hardware_timer/timer.c.obj
                0x10001488                busy_wait_until
 .text.uart_init
                0x100014a8      0x120 CMakeFiles/tarefa_teclado_matricial.dir/C_/Users/Acee/.pico-sdk/sdk/2.1.0/src/rp2_common/hardware_uart/uart.c.obj
                0x100014a8                uart_init
 .text.clock_configure_int_divider
                0x100015c8       0xf4 CMakeFiles/tarefa_teclado_matricial.dir/C_/Users/Acee/.pico-sdk/sdk/2.1.0/src/rp2_common/hardware_clocks/clocks.c.obj
                0x100015c8                clock_configure_int_divider
 .text.clock_configure_undivided
                0x100016bc       0xe8 CMakeFiles/tarefa_teclado_matricial.dir/C_/Users/Acee/.pico-sdk/sdk/2.1.0/src/rp2_common/hardware_clocks/clocks.c.obj
                0x100016bc                clock_configure_undivided
 .text.clock_get_hz
                0x100017a4        0xc CMakeFiles/tarefa_teclado_matricial.dir/C_/Users/Acee/.pico-sdk/sdk/2.1.0/src/rp2_common/hardware_clocks/clocks.c.obj
                0x100017a4                clock_get_hz
 .text.pll_init
                0x100017b0       0xa4 CMakeFiles/tarefa_teclado_matricial.dir/C_/Users/Acee/.pico-sdk/sdk/2.1.0/src/rp2_common/hardware_pll/pll.c.obj
                0x100017b0                pll_init
 .text.watchdog_reboot
                0x10001854       0x9c CMakeFiles/tarefa_teclado_matricial.dir/C_/Users/Acee/.pico-sdk/sdk/2.1.0/src/rp2_common/hardware_watchdog/watchdog.c.obj
                0x10001854                watchdog_reboot
 .text.tick_start
                0x100018f0       0x10 CMakeFiles/tarefa_teclado_matricial.dir/C_/Users/Acee/.pico-sdk/sdk/2.1.0/src/rp2_common/hardware_ticks/ticks.c.obj
                0x100018f0                tick_start
 .text.rom_func_lookup
                0x10001900       0x10 CMakeFiles/tarefa_teclado_matricial.dir/C_/Users/Acee/.pico-sdk/sdk/2.1.0/src/rp2_common/pico_bootrom/bootrom.c.obj
                0x10001900                rom_func_lookup
 .text.rom_data_lookup
                0x10001910       0x10 CMakeFiles/tarefa_teclado_matricial.dir/C_/Users/Acee/.pico-sdk/sdk/2.1.0/src/rp2_common/pico_bootrom/bootrom.c.obj
                0x10001910                rom_data_lookup
 .text.rom_funcs_lookup
                0x10001920       0x44 CMakeFiles/tarefa_teclado_matricial.dir/C_/Users/Acee/.pico-sdk/sdk/2.1.0/src/rp2_common/pico_bootrom/bootrom.c.obj
                0x10001920                rom_funcs_lookup
 .text.rom_reset_usb_boot_extra
                0x10001964       0x28 CMakeFiles/tarefa_teclado_matricial.dir/C_/Users/Acee/.pico-sdk/sdk/2.1.0/src/rp2_common/pico_bootrom/bootrom.c.obj
                0x10001964                rom_reset_usb_boot_extra
 .text.xosc_init
                0x1000198c       0x28 CMakeFiles/tarefa_teclado_matricial.dir/C_/Users/Acee/.pico-sdk/sdk/2.1.0/src/rp2_common/hardware_xosc/xosc.c.obj
                0x1000198c                xosc_init
 .text.first_per_core_initializer
                0x100019b4        0x4 CMakeFiles/tarefa_teclado_matricial.dir/C_/Users/Acee/.pico-sdk/sdk/2.1.0/src/rp2_common/pico_runtime/runtime.c.obj
 .text.hard_assertion_failure
                0x100019b8        0xc CMakeFiles/tarefa_teclado_matricial.dir/C_/Users/Acee/.pico-sdk/sdk/2.1.0/src/rp2_common/pico_runtime/runtime.c.obj
                0x100019b8                hard_assertion_failure
 .text.runtime_run_initializers
                0x100019c4       0x28 CMakeFiles/tarefa_teclado_matricial.dir/C_/Users/Acee/.pico-sdk/sdk/2.1.0/src/rp2_common/pico_runtime/runtime.c.obj
                0x100019c4                runtime_run_initializers
 .text.runtime_init_early_resets
                0x100019ec       0x2c CMakeFiles/tarefa_teclado_matricial.dir/C_/Users/Acee/.pico-sdk/sdk/2.1.0/src/rp2_common/pico_runtime_init/runtime_init.c.obj
                0x100019ec                runtime_init_early_resets
 .text.runtime_init_usb_power_down
                0x10001a18       0x1c CMakeFiles/tarefa_teclado_matricial.dir/C_/Users/Acee/.pico-sdk/sdk/2.1.0/src/rp2_common/pico_runtime_init/runtime_init.c.obj
                0x10001a18                runtime_init_usb_power_down
 .text.runtime_init_post_clock_resets
                0x10001a34       0x20 CMakeFiles/tarefa_teclado_matricial.dir/C_/Users/Acee/.pico-sdk/sdk/2.1.0/src/rp2_common/pico_runtime_init/runtime_init.c.obj
                0x10001a34                runtime_init_post_clock_resets
 .text.runtime_init_rp2040_gpio_ie_disable
                0x10001a54       0x14 CMakeFiles/tarefa_teclado_matricial.dir/C_/Users/Acee/.pico-sdk/sdk/2.1.0/src/rp2_common/pico_runtime_init/runtime_init.c.obj
                0x10001a54                runtime_init_rp2040_gpio_ie_disable
 .text.runtime_init_spin_locks_reset
                0x10001a68        0x8 CMakeFiles/tarefa_teclado_matricial.dir/C_/Users/Acee/.pico-sdk/sdk/2.1.0/src/rp2_common/pico_runtime_init/runtime_init.c.obj
                0x10001a68                runtime_init_spin_locks_reset
 .text.runtime_init_install_ram_vector_table
                0x10001a70       0x1c CMakeFiles/tarefa_teclado_matricial.dir/C_/Users/Acee/.pico-sdk/sdk/2.1.0/src/rp2_common/pico_runtime_init/runtime_init.c.obj
                0x10001a70                runtime_init_install_ram_vector_table
 .text.runtime_init_clocks
                0x10001a8c       0xd8 CMakeFiles/tarefa_teclado_matricial.dir/C_/Users/Acee/.pico-sdk/sdk/2.1.0/src/rp2_common/pico_runtime_init/runtime_init_clocks.c.obj
                0x10001a8c                runtime_init_clocks
 .text          0x10001b64       0x10 CMakeFiles/tarefa_teclado_matricial.dir/C_/Users/Acee/.pico-sdk/sdk/2.1.0/src/rp2_common/pico_bit_ops/bit_ops_aeabi.S.obj
 .text.__wrap___aeabi_uidiv
                0x10001b74       0x4c CMakeFiles/tarefa_teclado_matricial.dir/C_/Users/Acee/.pico-sdk/sdk/2.1.0/src/rp2_common/pico_divider/divider_hardware.S.obj
                0x10001b74                __wrap___aeabi_uidiv
                0x10001b74                __wrap___aeabi_uidivmod
                0x10001b74                div_u32u32
                0x10001b74                divmod_u32u32
                0x10001b7c                divmod_u32u32_unsafe
                0x10001ba4                divmod_u32u32_savestate
 .text.missing_double_func_shim
                0x10001bc0        0xc CMakeFiles/tarefa_teclado_matricial.dir/C_/Users/Acee/.pico-sdk/sdk/2.1.0/src/rp2_common/pico_double/double_init_rom_rp2040.c.obj
 .text.__aeabi_double_init
                0x10001bcc       0xa0 CMakeFiles/tarefa_teclado_matricial.dir/C_/Users/Acee/.pico-sdk/sdk/2.1.0/src/rp2_common/pico_double/double_init_rom_rp2040.c.obj
                0x10001bcc                __aeabi_double_init
 .text.double_table_shim_on_use_helper
                0x10001c6c       0x2c CMakeFiles/tarefa_teclado_matricial.dir/C_/Users/Acee/.pico-sdk/sdk/2.1.0/src/rp2_common/pico_double/double_v1_rom_shim_rp2040.S.obj
                0x10001c6c                double_table_shim_on_use_helper
 .text.__aeabi_lmul
                0x10001c98       0x32 CMakeFiles/tarefa_teclado_matricial.dir/C_/Users/Acee/.pico-sdk/sdk/2.1.0/src/rp2_common/pico_int64_ops/pico_int64_ops_aeabi.S.obj
                0x10001c98                __wrap___aeabi_lmul
 *fill*         0x10001cca        0x2 
 .text.missing_float_func_shim
                0x10001ccc        0xc CMakeFiles/tarefa_teclado_matricial.dir/C_/Users/Acee/.pico-sdk/sdk/2.1.0/src/rp2_common/pico_float/float_init_rom_rp2040.c.obj
 .text.__aeabi_float_init
                0x10001cd8       0x5c CMakeFiles/tarefa_teclado_matricial.dir/C_/Users/Acee/.pico-sdk/sdk/2.1.0/src/rp2_common/pico_float/float_init_rom_rp2040.c.obj
                0x10001cd8                __aeabi_float_init
 .text          0x10001d34       0x10 CMakeFiles/tarefa_teclado_matricial.dir/C_/Users/Acee/.pico-sdk/sdk/2.1.0/src/rp2_common/pico_mem_ops/mem_ops_aeabi.S.obj
                0x10001d34                __aeabi_mem_init
 .text.memset   0x10001d44        0xc CMakeFiles/tarefa_teclado_matricial.dir/C_/Users/Acee/.pico-sdk/sdk/2.1.0/src/rp2_common/pico_mem_ops/mem_ops_aeabi.S.obj
                0x10001d44                __wrap_memset
 .text.memcpy   0x10001d50        0xc CMakeFiles/tarefa_teclado_matricial.dir/C_/Users/Acee/.pico-sdk/sdk/2.1.0/src/rp2_common/pico_mem_ops/mem_ops_aeabi.S.obj
                0x10001d50                __wrap_memcpy
                0x10001d50                __wrap___aeabi_memcpy
 .text._out_char
                0x10001d5c       0x10 CMakeFiles/tarefa_teclado_matricial.dir/C_/Users/Acee/.pico-sdk/sdk/2.1.0/src/rp2_common/pico_printf/printf.c.obj
 .text.weak_raw_vprintf
                0x10001d6c       0x30 CMakeFiles/tarefa_teclado_matricial.dir/C_/Users/Acee/.pico-sdk/sdk/2.1.0/src/rp2_common/pico_printf/printf.c.obj
                0x10001d6c                weak_raw_vprintf
 .text._exit    0x10001d9c        0x4 CMakeFiles/tarefa_teclado_matricial.dir/C_/Users/Acee/.pico-sdk/sdk/2.1.0/src/rp2_common/pico_clib_interface/newlib_interface.c.obj
                0x10001d9c                _exit
 .text.exit     0x10001da0        0x8 CMakeFiles/tarefa_teclado_matricial.dir/C_/Users/Acee/.pico-sdk/sdk/2.1.0/src/rp2_common/pico_clib_interface/newlib_interface.c.obj
                0x10001da0                exit
 .text.runtime_init
                0x10001da8       0x2c CMakeFiles/tarefa_teclado_matricial.dir/C_/Users/Acee/.pico-sdk/sdk/2.1.0/src/rp2_common/pico_clib_interface/newlib_interface.c.obj
                0x10001da8                runtime_init
 .text.stdio_out_chars_no_crlf
                0x10001dd4       0x10 CMakeFiles/tarefa_teclado_matricial.dir/C_/Users/Acee/.pico-sdk/sdk/2.1.0/src/rp2_common/pico_stdio/stdio.c.obj
 .text.stdio_out_chars_crlf
                0x10001de4       0x94 CMakeFiles/tarefa_teclado_matricial.dir/C_/Users/Acee/.pico-sdk/sdk/2.1.0/src/rp2_common/pico_stdio/stdio.c.obj
 .text.stdio_put_string
                0x10001e78      0x100 CMakeFiles/tarefa_teclado_matricial.dir/C_/Users/Acee/.pico-sdk/sdk/2.1.0/src/rp2_common/pico_stdio/stdio.c.obj
                0x10001e78                stdio_put_string
 .text.stdio_set_driver_enabled
                0x10001f78       0x30 CMakeFiles/tarefa_teclado_matricial.dir/C_/Users/Acee/.pico-sdk/sdk/2.1.0/src/rp2_common/pico_stdio/stdio.c.obj
                0x10001f78                stdio_set_driver_enabled
 .text.stdio_init_all
                0x10001fa8       0x10 CMakeFiles/tarefa_teclado_matricial.dir/C_/Users/Acee/.pico-sdk/sdk/2.1.0/src/rp2_common/pico_stdio/stdio.c.obj
                0x10001fa8                stdio_init_all
 .text.__wrap_putchar
                0x10001fb8       0x98 CMakeFiles/tarefa_teclado_matricial.dir/C_/Users/Acee/.pico-sdk/sdk/2.1.0/src/rp2_common/pico_stdio/stdio.c.obj
                0x10001fb8                __wrap_putchar
                0x10001fb8                stdio_putchar
 .text.__wrap_puts
                0x10002050       0x3c CMakeFiles/tarefa_teclado_matricial.dir/C_/Users/Acee/.pico-sdk/sdk/2.1.0/src/rp2_common/pico_stdio/stdio.c.obj
                0x10002050                stdio_puts
                0x10002050                __wrap_puts
 .text.stdio_uart_out_chars
                0x1000208c       0x4c CMakeFiles/tarefa_teclado_matricial.dir/C_/Users/Acee/.pico-sdk/sdk/2.1.0/src/rp2_common/pico_stdio_uart/stdio_uart.c.obj
 .text.stdio_uart_in_chars
                0x100020d8       0x90 CMakeFiles/tarefa_teclado_matricial.dir/C_/Users/Acee/.pico-sdk/sdk/2.1.0/src/rp2_common/pico_stdio_uart/stdio_uart.c.obj
                0x100020d8                stdio_uart_in_chars
 .text.on_uart_rx
                0x10002168       0x28 CMakeFiles/tarefa_teclado_matricial.dir/C_/Users/Acee/.pico-sdk/sdk/2.1.0/src/rp2_common/pico_stdio_uart/stdio_uart.c.obj
 .text.stdio_uart_out_flush
                0x10002190       0x14 CMakeFiles/tarefa_teclado_matricial.dir/C_/Users/Acee/.pico-sdk/sdk/2.1.0/src/rp2_common/pico_stdio_uart/stdio_uart.c.obj
 .text.stdio_uart_set_chars_available_callback
                0x100021a4       0x84 CMakeFiles/tarefa_teclado_matricial.dir/C_/Users/Acee/.pico-sdk/sdk/2.1.0/src/rp2_common/pico_stdio_uart/stdio_uart.c.obj
 .text.stdio_uart_init
                0x10002228       0x50 CMakeFiles/tarefa_teclado_matricial.dir/C_/Users/Acee/.pico-sdk/sdk/2.1.0/src/rp2_common/pico_stdio_uart/stdio_uart.c.obj
                0x10002228                stdio_uart_init
 .text.resetd_init
                0x10002278        0x4 CMakeFiles/tarefa_teclado_matricial.dir/C_/Users/Acee/.pico-sdk/sdk/2.1.0/src/rp2_common/pico_stdio_usb/reset_interface.c.obj
 .text.resetd_reset
                0x1000227c        0xc CMakeFiles/tarefa_teclado_matricial.dir/C_/Users/Acee/.pico-sdk/sdk/2.1.0/src/rp2_common/pico_stdio_usb/reset_interface.c.obj
 .text.resetd_open
                0x10002288       0x28 CMakeFiles/tarefa_teclado_matricial.dir/C_/Users/Acee/.pico-sdk/sdk/2.1.0/src/rp2_common/pico_stdio_usb/reset_interface.c.obj
 .text.resetd_xfer_cb
                0x100022b0        0x4 CMakeFiles/tarefa_teclado_matricial.dir/C_/Users/Acee/.pico-sdk/sdk/2.1.0/src/rp2_common/pico_stdio_usb/reset_interface.c.obj
 .text.resetd_control_xfer_cb
                0x100022b4       0x5c CMakeFiles/tarefa_teclado_matricial.dir/C_/Users/Acee/.pico-sdk/sdk/2.1.0/src/rp2_common/pico_stdio_usb/reset_interface.c.obj
 .text.tud_descriptor_bos_cb
                0x10002310        0x8 CMakeFiles/tarefa_teclado_matricial.dir/C_/Users/Acee/.pico-sdk/sdk/2.1.0/src/rp2_common/pico_stdio_usb/reset_interface.c.obj
                0x10002310                tud_descriptor_bos_cb
 .text.tud_vendor_control_xfer_cb
                0x10002318       0x34 CMakeFiles/tarefa_teclado_matricial.dir/C_/Users/Acee/.pico-sdk/sdk/2.1.0/src/rp2_common/pico_stdio_usb/reset_interface.c.obj
                0x10002318                tud_vendor_control_xfer_cb
 .text.usbd_app_driver_get_cb
                0x1000234c        0xc CMakeFiles/tarefa_teclado_matricial.dir/C_/Users/Acee/.pico-sdk/sdk/2.1.0/src/rp2_common/pico_stdio_usb/reset_interface.c.obj
                0x1000234c                usbd_app_driver_get_cb
 .text.tud_cdc_line_coding_cb
                0x10002358       0x2c CMakeFiles/tarefa_teclado_matricial.dir/C_/Users/Acee/.pico-sdk/sdk/2.1.0/src/rp2_common/pico_stdio_usb/reset_interface.c.obj
                0x10002358                tud_cdc_line_coding_cb
 .text.stdio_usb_set_chars_available_callback
                0x10002384       0x14 CMakeFiles/tarefa_teclado_matricial.dir/C_/Users/Acee/.pico-sdk/sdk/2.1.0/src/rp2_common/pico_stdio_usb/stdio_usb.c.obj
                0x10002384                stdio_usb_set_chars_available_callback
 .text.usb_irq  0x10002398       0x10 CMakeFiles/tarefa_teclado_matricial.dir/C_/Users/Acee/.pico-sdk/sdk/2.1.0/src/rp2_common/pico_stdio_usb/stdio_usb.c.obj
 .text.timer_task
                0x100023a8       0x64 CMakeFiles/tarefa_teclado_matricial.dir/C_/Users/Acee/.pico-sdk/sdk/2.1.0/src/rp2_common/pico_stdio_usb/stdio_usb.c.obj
 .text.stdio_usb_in_chars
                0x1000240c       0x90 CMakeFiles/tarefa_teclado_matricial.dir/C_/Users/Acee/.pico-sdk/sdk/2.1.0/src/rp2_common/pico_stdio_usb/stdio_usb.c.obj
                0x1000240c                stdio_usb_in_chars
 .text.stdio_usb_out_flush
                0x1000249c       0x50 CMakeFiles/tarefa_teclado_matricial.dir/C_/Users/Acee/.pico-sdk/sdk/2.1.0/src/rp2_common/pico_stdio_usb/stdio_usb.c.obj
 .text.stdio_usb_out_chars
                0x100024ec      0x104 CMakeFiles/tarefa_teclado_matricial.dir/C_/Users/Acee/.pico-sdk/sdk/2.1.0/src/rp2_common/pico_stdio_usb/stdio_usb.c.obj
 .text.low_priority_worker_irq
                0x100025f0       0xcc CMakeFiles/tarefa_teclado_matricial.dir/C_/Users/Acee/.pico-sdk/sdk/2.1.0/src/rp2_common/pico_stdio_usb/stdio_usb.c.obj
 .text.stdio_usb_init
                0x100026bc       0xe8 CMakeFiles/tarefa_teclado_matricial.dir/C_/Users/Acee/.pico-sdk/sdk/2.1.0/src/rp2_common/pico_stdio_usb/stdio_usb.c.obj
                0x100026bc                stdio_usb_init
 .text.tud_descriptor_device_cb
                0x100027a4        0x8 CMakeFiles/tarefa_teclado_matricial.dir/C_/Users/Acee/.pico-sdk/sdk/2.1.0/src/rp2_common/pico_stdio_usb/stdio_usb_descriptors.c.obj
                0x100027a4                tud_descriptor_device_cb
 .text.tud_descriptor_configuration_cb
                0x100027ac        0x8 CMakeFiles/tarefa_teclado_matricial.dir/C_/Users/Acee/.pico-sdk/sdk/2.1.0/src/rp2_common/pico_stdio_usb/stdio_usb_descriptors.c.obj
                0x100027ac                tud_descriptor_configuration_cb
 .text.tud_descriptor_string_cb
                0x100027b4       0x78 CMakeFiles/tarefa_teclado_matricial.dir/C_/Users/Acee/.pico-sdk/sdk/2.1.0/src/rp2_common/pico_stdio_usb/stdio_usb_descriptors.c.obj
                0x100027b4                tud_descriptor_string_cb
 .text.startup._retrieve_unique_id_on_boot
                0x1000282c       0x10 CMakeFiles/tarefa_teclado_matricial.dir/C_/Users/Acee/.pico-sdk/sdk/2.1.0/src/rp2_common/pico_unique_id/unique_id.c.obj
 .text.pico_get_unique_board_id_string
                0x1000283c      0x1a8 CMakeFiles/tarefa_teclado_matricial.dir/C_/Users/Acee/.pico-sdk/sdk/2.1.0/src/rp2_common/pico_unique_id/unique_id.c.obj
                0x1000283c                pico_get_unique_board_id_string
 .text.flash_get_unique_id
                0x100029e4       0x3c CMakeFiles/tarefa_teclado_matricial.dir/C_/Users/Acee/.pico-sdk/sdk/2.1.0/src/rp2_common/hardware_flash/flash.c.obj
                0x100029e4                flash_get_unique_id
 .text.dcd_init
                0x10002a20       0x8c CMakeFiles/tarefa_teclado_matricial.dir/C_/Users/Acee/.pico-sdk/sdk/2.1.0/lib/tinyusb/src/portable/raspberrypi/rp2040/dcd_rp2040.c.obj
                0x10002a20                dcd_init
 .text.dcd_int_enable
                0x10002aac        0xc CMakeFiles/tarefa_teclado_matricial.dir/C_/Users/Acee/.pico-sdk/sdk/2.1.0/lib/tinyusb/src/portable/raspberrypi/rp2040/dcd_rp2040.c.obj
                0x10002aac                dcd_int_enable
 .text.dcd_set_address
                0x10002ab8       0x14 CMakeFiles/tarefa_teclado_matricial.dir/C_/Users/Acee/.pico-sdk/sdk/2.1.0/lib/tinyusb/src/portable/raspberrypi/rp2040/dcd_rp2040.c.obj
                0x10002ab8                dcd_set_address
 .text.dcd_sof_enable
                0x10002acc       0x1c CMakeFiles/tarefa_teclado_matricial.dir/C_/Users/Acee/.pico-sdk/sdk/2.1.0/lib/tinyusb/src/portable/raspberrypi/rp2040/dcd_rp2040.c.obj
                0x10002acc                dcd_sof_enable
 .text.dcd_edpt0_status_complete
                0x10002ae8       0x1c CMakeFiles/tarefa_teclado_matricial.dir/C_/Users/Acee/.pico-sdk/sdk/2.1.0/lib/tinyusb/src/portable/raspberrypi/rp2040/dcd_rp2040.c.obj
                0x10002ae8                dcd_edpt0_status_complete
 .text.dcd_edpt_open
                0x10002b04      0x108 CMakeFiles/tarefa_teclado_matricial.dir/C_/Users/Acee/.pico-sdk/sdk/2.1.0/lib/tinyusb/src/portable/raspberrypi/rp2040/dcd_rp2040.c.obj
                0x10002b04                dcd_edpt_open
 .text.dcd_edpt_close_all
                0x10002c0c        0x8 CMakeFiles/tarefa_teclado_matricial.dir/C_/Users/Acee/.pico-sdk/sdk/2.1.0/lib/tinyusb/src/portable/raspberrypi/rp2040/dcd_rp2040.c.obj
                0x10002c0c                dcd_edpt_close_all
 .text.dcd_edpt_xfer
                0x10002c14       0x24 CMakeFiles/tarefa_teclado_matricial.dir/C_/Users/Acee/.pico-sdk/sdk/2.1.0/lib/tinyusb/src/portable/raspberrypi/rp2040/dcd_rp2040.c.obj
                0x10002c14                dcd_edpt_xfer
 .text.dcd_edpt_stall
                0x10002c38       0x34 CMakeFiles/tarefa_teclado_matricial.dir/C_/Users/Acee/.pico-sdk/sdk/2.1.0/lib/tinyusb/src/portable/raspberrypi/rp2040/dcd_rp2040.c.obj
                0x10002c38                dcd_edpt_stall
 .text.dcd_edpt_clear_stall
                0x10002c6c       0x30 CMakeFiles/tarefa_teclado_matricial.dir/C_/Users/Acee/.pico-sdk/sdk/2.1.0/lib/tinyusb/src/portable/raspberrypi/rp2040/dcd_rp2040.c.obj
                0x10002c6c                dcd_edpt_clear_stall
 .text.rp2040_usb_init
                0x10002c9c       0x40 CMakeFiles/tarefa_teclado_matricial.dir/C_/Users/Acee/.pico-sdk/sdk/2.1.0/lib/tinyusb/src/portable/raspberrypi/rp2040/rp2040_usb.c.obj
                0x10002c9c                rp2040_usb_init
 .text.hw_endpoint_xfer_start
                0x10002cdc       0x40 CMakeFiles/tarefa_teclado_matricial.dir/C_/Users/Acee/.pico-sdk/sdk/2.1.0/lib/tinyusb/src/portable/raspberrypi/rp2040/rp2040_usb.c.obj
                0x10002cdc                hw_endpoint_xfer_start
 .text.tud_event_hook_cb
                0x10002d1c        0x4 CMakeFiles/tarefa_teclado_matricial.dir/C_/Users/Acee/.pico-sdk/sdk/2.1.0/lib/tinyusb/src/device/usbd.c.obj
                0x10002d1c                tud_event_hook_cb
 .text.tud_sof_cb
                0x10002d20        0x4 CMakeFiles/tarefa_teclado_matricial.dir/C_/Users/Acee/.pico-sdk/sdk/2.1.0/lib/tinyusb/src/device/usbd.c.obj
                0x10002d20                tud_sof_cb
 .text.tud_descriptor_device_qualifier_cb
                0x10002d24        0x4 CMakeFiles/tarefa_teclado_matricial.dir/C_/Users/Acee/.pico-sdk/sdk/2.1.0/lib/tinyusb/src/device/usbd.c.obj
                0x10002d24                tud_descriptor_device_qualifier_cb
 .text.tud_descriptor_other_speed_configuration_cb
                0x10002d28        0x4 CMakeFiles/tarefa_teclado_matricial.dir/C_/Users/Acee/.pico-sdk/sdk/2.1.0/lib/tinyusb/src/device/usbd.c.obj
                0x10002d28                tud_descriptor_other_speed_configuration_cb
 .text.tud_mount_cb
                0x10002d2c        0x4 CMakeFiles/tarefa_teclado_matricial.dir/C_/Users/Acee/.pico-sdk/sdk/2.1.0/lib/tinyusb/src/device/usbd.c.obj
                0x10002d2c                tud_mount_cb
 .text.tud_umount_cb
                0x10002d30        0x4 CMakeFiles/tarefa_teclado_matricial.dir/C_/Users/Acee/.pico-sdk/sdk/2.1.0/lib/tinyusb/src/device/usbd.c.obj
                0x10002d30                tud_umount_cb
 .text.tud_suspend_cb
                0x10002d34        0x4 CMakeFiles/tarefa_teclado_matricial.dir/C_/Users/Acee/.pico-sdk/sdk/2.1.0/lib/tinyusb/src/device/usbd.c.obj
                0x10002d34                tud_suspend_cb
 .text.tud_resume_cb
                0x10002d38        0x4 CMakeFiles/tarefa_teclado_matricial.dir/C_/Users/Acee/.pico-sdk/sdk/2.1.0/lib/tinyusb/src/device/usbd.c.obj
                0x10002d38                tud_resume_cb
 .text.tud_mounted
                0x10002d3c       0x10 CMakeFiles/tarefa_teclado_matricial.dir/C_/Users/Acee/.pico-sdk/sdk/2.1.0/lib/tinyusb/src/device/usbd.c.obj
                0x10002d3c                tud_mounted
 .text.tud_suspended
                0x10002d4c       0x10 CMakeFiles/tarefa_teclado_matricial.dir/C_/Users/Acee/.pico-sdk/sdk/2.1.0/lib/tinyusb/src/device/usbd.c.obj
                0x10002d4c                tud_suspended
 .text.tud_init
                0x10002d5c       0xe4 CMakeFiles/tarefa_teclado_matricial.dir/C_/Users/Acee/.pico-sdk/sdk/2.1.0/lib/tinyusb/src/device/usbd.c.obj
                0x10002d5c                tud_init
 .text.tud_task_ext
                0x10002e40      0x800 CMakeFiles/tarefa_teclado_matricial.dir/C_/Users/Acee/.pico-sdk/sdk/2.1.0/lib/tinyusb/src/device/usbd.c.obj
                0x10002e40                tud_task_ext
 .text.usbd_open_edpt_pair
                0x10003640       0x9c CMakeFiles/tarefa_teclado_matricial.dir/C_/Users/Acee/.pico-sdk/sdk/2.1.0/lib/tinyusb/src/device/usbd.c.obj
                0x10003640                usbd_open_edpt_pair
 .text.usbd_edpt_open
                0x100036dc       0x34 CMakeFiles/tarefa_teclado_matricial.dir/C_/Users/Acee/.pico-sdk/sdk/2.1.0/lib/tinyusb/src/device/usbd.c.obj
                0x100036dc                usbd_edpt_open
 .text.usbd_edpt_claim
                0x10003710       0x28 CMakeFiles/tarefa_teclado_matricial.dir/C_/Users/Acee/.pico-sdk/sdk/2.1.0/lib/tinyusb/src/device/usbd.c.obj
                0x10003710                usbd_edpt_claim
 .text.usbd_edpt_release
                0x10003738       0x28 CMakeFiles/tarefa_teclado_matricial.dir/C_/Users/Acee/.pico-sdk/sdk/2.1.0/lib/tinyusb/src/device/usbd.c.obj
                0x10003738                usbd_edpt_release
 .text.usbd_edpt_xfer
                0x10003760       0x4c CMakeFiles/tarefa_teclado_matricial.dir/C_/Users/Acee/.pico-sdk/sdk/2.1.0/lib/tinyusb/src/device/usbd.c.obj
                0x10003760                usbd_edpt_xfer
 .text.tud_control_status
                0x100037ac       0x2c CMakeFiles/tarefa_teclado_matricial.dir/C_/Users/Acee/.pico-sdk/sdk/2.1.0/lib/tinyusb/src/device/usbd_control.c.obj
                0x100037ac                tud_control_status
 .text.tud_control_xfer
                0x100037d8       0xac CMakeFiles/tarefa_teclado_matricial.dir/C_/Users/Acee/.pico-sdk/sdk/2.1.0/lib/tinyusb/src/device/usbd_control.c.obj
                0x100037d8                tud_control_xfer
 .text.usbd_control_reset
                0x10003884       0x14 CMakeFiles/tarefa_teclado_matricial.dir/C_/Users/Acee/.pico-sdk/sdk/2.1.0/lib/tinyusb/src/device/usbd_control.c.obj
                0x10003884                usbd_control_reset
 .text.usbd_control_set_complete_callback
                0x10003898        0xc CMakeFiles/tarefa_teclado_matricial.dir/C_/Users/Acee/.pico-sdk/sdk/2.1.0/lib/tinyusb/src/device/usbd_control.c.obj
                0x10003898                usbd_control_set_complete_callback
 .text.usbd_control_set_request
                0x100038a4       0x1c CMakeFiles/tarefa_teclado_matricial.dir/C_/Users/Acee/.pico-sdk/sdk/2.1.0/lib/tinyusb/src/device/usbd_control.c.obj
                0x100038a4                usbd_control_set_request
 .text.usbd_control_xfer_cb
                0x100038c0       0xec CMakeFiles/tarefa_teclado_matricial.dir/C_/Users/Acee/.pico-sdk/sdk/2.1.0/lib/tinyusb/src/device/usbd_control.c.obj
                0x100038c0                usbd_control_xfer_cb
 .text._prep_out_transaction.isra.0
                0x100039ac       0x5c CMakeFiles/tarefa_teclado_matricial.dir/C_/Users/Acee/.pico-sdk/sdk/2.1.0/lib/tinyusb/src/class/cdc/cdc_device.c.obj
 .text.tud_cdc_n_connected
                0x10003a08       0x30 CMakeFiles/tarefa_teclado_matricial.dir/C_/Users/Acee/.pico-sdk/sdk/2.1.0/lib/tinyusb/src/class/cdc/cdc_device.c.obj
                0x10003a08                tud_cdc_n_connected
 .text.tud_cdc_n_available
                0x10003a38       0x18 CMakeFiles/tarefa_teclado_matricial.dir/C_/Users/Acee/.pico-sdk/sdk/2.1.0/lib/tinyusb/src/class/cdc/cdc_device.c.obj
                0x10003a38                tud_cdc_n_available
 .text.tud_cdc_n_read
                0x10003a50       0x98 CMakeFiles/tarefa_teclado_matricial.dir/C_/Users/Acee/.pico-sdk/sdk/2.1.0/lib/tinyusb/src/class/cdc/cdc_device.c.obj
                0x10003a50                tud_cdc_n_read
 .text.tud_cdc_n_write_flush
                0x10003ae8       0x78 CMakeFiles/tarefa_teclado_matricial.dir/C_/Users/Acee/.pico-sdk/sdk/2.1.0/lib/tinyusb/src/class/cdc/cdc_device.c.obj
                0x10003ae8                tud_cdc_n_write_flush
 .text.tud_cdc_n_write
                0x10003b60       0x40 CMakeFiles/tarefa_teclado_matricial.dir/C_/Users/Acee/.pico-sdk/sdk/2.1.0/lib/tinyusb/src/class/cdc/cdc_device.c.obj
                0x10003b60                tud_cdc_n_write
 .text.tud_cdc_n_write_available
                0x10003ba0       0x18 CMakeFiles/tarefa_teclado_matricial.dir/C_/Users/Acee/.pico-sdk/sdk/2.1.0/lib/tinyusb/src/class/cdc/cdc_device.c.obj
                0x10003ba0                tud_cdc_n_write_available
 .text.cdcd_init
                0x10003bb8       0x7c CMakeFiles/tarefa_teclado_matricial.dir/C_/Users/Acee/.pico-sdk/sdk/2.1.0/lib/tinyusb/src/class/cdc/cdc_device.c.obj
                0x10003bb8                cdcd_init
 .text.cdcd_deinit
                0x10003c34       0x34 CMakeFiles/tarefa_teclado_matricial.dir/C_/Users/Acee/.pico-sdk/sdk/2.1.0/lib/tinyusb/src/class/cdc/cdc_device.c.obj
                0x10003c34                cdcd_deinit
 .text.cdcd_reset
                0x10003c68       0x4c CMakeFiles/tarefa_teclado_matricial.dir/C_/Users/Acee/.pico-sdk/sdk/2.1.0/lib/tinyusb/src/class/cdc/cdc_device.c.obj
                0x10003c68                cdcd_reset
 .text.cdcd_open
                0x10003cb4       0xb0 CMakeFiles/tarefa_teclado_matricial.dir/C_/Users/Acee/.pico-sdk/sdk/2.1.0/lib/tinyusb/src/class/cdc/cdc_device.c.obj
                0x10003cb4                cdcd_open
 .text.cdcd_control_xfer_cb
                0x10003d64       0xe4 CMakeFiles/tarefa_teclado_matricial.dir/C_/Users/Acee/.pico-sdk/sdk/2.1.0/lib/tinyusb/src/class/cdc/cdc_device.c.obj
                0x10003d64                cdcd_control_xfer_cb
 .text.cdcd_xfer_cb
                0x10003e48      0x100 CMakeFiles/tarefa_teclado_matricial.dir/C_/Users/Acee/.pico-sdk/sdk/2.1.0/lib/tinyusb/src/class/cdc/cdc_device.c.obj
                0x10003e48                cdcd_xfer_cb
 .text.vendord_init
                0x10003f48       0x5c CMakeFiles/tarefa_teclado_matricial.dir/C_/Users/Acee/.pico-sdk/sdk/2.1.0/lib/tinyusb/src/class/vendor/vendor_device.c.obj
                0x10003f48                vendord_init
 .text.vendord_deinit
                0x10003fa4       0x1c CMakeFiles/tarefa_teclado_matricial.dir/C_/Users/Acee/.pico-sdk/sdk/2.1.0/lib/tinyusb/src/class/vendor/vendor_device.c.obj
                0x10003fa4                vendord_deinit
 .text.vendord_reset
                0x10003fc0       0x20 CMakeFiles/tarefa_teclado_matricial.dir/C_/Users/Acee/.pico-sdk/sdk/2.1.0/lib/tinyusb/src/class/vendor/vendor_device.c.obj
                0x10003fc0                vendord_reset
 .text.vendord_open
                0x10003fe0      0x138 CMakeFiles/tarefa_teclado_matricial.dir/C_/Users/Acee/.pico-sdk/sdk/2.1.0/lib/tinyusb/src/class/vendor/vendor_device.c.obj
                0x10003fe0                vendord_open
 .text.vendord_xfer_cb
                0x10004118       0x9c CMakeFiles/tarefa_teclado_matricial.dir/C_/Users/Acee/.pico-sdk/sdk/2.1.0/lib/tinyusb/src/class/vendor/vendor_device.c.obj
                0x10004118                vendord_xfer_cb
 .text.tusb_init
                0x100041b4        0xc CMakeFiles/tarefa_teclado_matricial.dir/C_/Users/Acee/.pico-sdk/sdk/2.1.0/lib/tinyusb/src/tusb.c.obj
                0x100041b4                tusb_init
 .text.tu_edpt_claim
                0x100041c0       0x50 CMakeFiles/tarefa_teclado_matricial.dir/C_/Users/Acee/.pico-sdk/sdk/2.1.0/lib/tinyusb/src/tusb.c.obj
                0x100041c0                tu_edpt_claim
 .text.tu_edpt_release
                0x10004210       0x38 CMakeFiles/tarefa_teclado_matricial.dir/C_/Users/Acee/.pico-sdk/sdk/2.1.0/lib/tinyusb/src/tusb.c.obj
                0x10004210                tu_edpt_release
 .text.tu_edpt_validate
                0x10004248       0x7c CMakeFiles/tarefa_teclado_matricial.dir/C_/Users/Acee/.pico-sdk/sdk/2.1.0/lib/tinyusb/src/tusb.c.obj
                0x10004248                tu_edpt_validate
 .text.tu_edpt_bind_driver
                0x100042c4       0x34 CMakeFiles/tarefa_teclado_matricial.dir/C_/Users/Acee/.pico-sdk/sdk/2.1.0/lib/tinyusb/src/tusb.c.obj
                0x100042c4                tu_edpt_bind_driver
 .text.tu_edpt_stream_init
                0x100042f8       0x6c CMakeFiles/tarefa_teclado_matricial.dir/C_/Users/Acee/.pico-sdk/sdk/2.1.0/lib/tinyusb/src/tusb.c.obj
                0x100042f8                tu_edpt_stream_init
 .text.tu_edpt_stream_deinit
                0x10004364        0x4 CMakeFiles/tarefa_teclado_matricial.dir/C_/Users/Acee/.pico-sdk/sdk/2.1.0/lib/tinyusb/src/tusb.c.obj
                0x10004364                tu_edpt_stream_deinit
 .text.tu_edpt_stream_write_zlp_if_needed
                0x10004368       0x68 CMakeFiles/tarefa_teclado_matricial.dir/C_/Users/Acee/.pico-sdk/sdk/2.1.0/lib/tinyusb/src/tusb.c.obj
                0x10004368                tu_edpt_stream_write_zlp_if_needed
 .text.tu_edpt_stream_write_xfer
                0x100043d0       0x64 CMakeFiles/tarefa_teclado_matricial.dir/C_/Users/Acee/.pico-sdk/sdk/2.1.0/lib/tinyusb/src/tusb.c.obj
                0x100043d0                tu_edpt_stream_write_xfer
 .text.tu_edpt_stream_read_xfer
                0x10004434       0xdc CMakeFiles/tarefa_teclado_matricial.dir/C_/Users/Acee/.pico-sdk/sdk/2.1.0/lib/tinyusb/src/tusb.c.obj
                0x10004434                tu_edpt_stream_read_xfer
 .text.tu_fifo_config
                0x10004510       0x6c CMakeFiles/tarefa_teclado_matricial.dir/C_/Users/Acee/.pico-sdk/sdk/2.1.0/lib/tinyusb/src/common/tusb_fifo.c.obj
                0x10004510                tu_fifo_config
 .text.tu_fifo_count
                0x1000457c       0x2c CMakeFiles/tarefa_teclado_matricial.dir/C_/Users/Acee/.pico-sdk/sdk/2.1.0/lib/tinyusb/src/common/tusb_fifo.c.obj
                0x1000457c                tu_fifo_count
 .text.tu_fifo_empty
                0x100045a8       0x10 CMakeFiles/tarefa_teclado_matricial.dir/C_/Users/Acee/.pico-sdk/sdk/2.1.0/lib/tinyusb/src/common/tusb_fifo.c.obj
                0x100045a8                tu_fifo_empty
 .text.tu_fifo_remaining
                0x100045b8       0x2c CMakeFiles/tarefa_teclado_matricial.dir/C_/Users/Acee/.pico-sdk/sdk/2.1.0/lib/tinyusb/src/common/tusb_fifo.c.obj
                0x100045b8                tu_fifo_remaining
 .text.tu_fifo_read
                0x100045e4       0x9c CMakeFiles/tarefa_teclado_matricial.dir/C_/Users/Acee/.pico-sdk/sdk/2.1.0/lib/tinyusb/src/common/tusb_fifo.c.obj
                0x100045e4                tu_fifo_read
 .text.tu_fifo_read_n
                0x10004680       0xe8 CMakeFiles/tarefa_teclado_matricial.dir/C_/Users/Acee/.pico-sdk/sdk/2.1.0/lib/tinyusb/src/common/tusb_fifo.c.obj
                0x10004680                tu_fifo_read_n
 .text.tu_fifo_write
                0x10004768       0xa8 CMakeFiles/tarefa_teclado_matricial.dir/C_/Users/Acee/.pico-sdk/sdk/2.1.0/lib/tinyusb/src/common/tusb_fifo.c.obj
                0x10004768                tu_fifo_write
 .text.tu_fifo_write_n
                0x10004810      0x178 CMakeFiles/tarefa_teclado_matricial.dir/C_/Users/Acee/.pico-sdk/sdk/2.1.0/lib/tinyusb/src/common/tusb_fifo.c.obj
                0x10004810                tu_fifo_write_n
 .text.tu_fifo_clear
                0x10004988       0x40 CMakeFiles/tarefa_teclado_matricial.dir/C_/Users/Acee/.pico-sdk/sdk/2.1.0/lib/tinyusb/src/common/tusb_fifo.c.obj
                0x10004988                tu_fifo_clear
 .text.tu_fifo_set_overwritable
                0x100049c8       0x48 CMakeFiles/tarefa_teclado_matricial.dir/C_/Users/Acee/.pico-sdk/sdk/2.1.0/lib/tinyusb/src/common/tusb_fifo.c.obj
                0x100049c8                tu_fifo_set_overwritable
 .text.strlen   0x10004a10       0x5c C:/Users/Acee/.pico-sdk/toolchain/13_3_Rel1/bin/../lib/gcc/arm-none-eabi/13.3.1/thumb/v6-m/nofp\libg.a(libc_a-strlen-stub.o)
                0x10004a10                strlen
 *(.fini)
 .fini          0x10004a6c        0x4 C:/Users/Acee/.pico-sdk/toolchain/13_3_Rel1/bin/../lib/gcc/arm-none-eabi/13.3.1/thumb/v6-m/nofp/crti.o
                0x10004a6c                _fini
 .fini.__stub   0x10004a70       0xb0 linker stubs
 *crtbegin.o(.ctors)
 *crtbegin?.o(.ctors)
 *(EXCLUDE_FILE(*crtend.o *crtend?.o) .ctors)
 *(SORT_BY_NAME(.ctors.*))
 *(.ctors)
 *crtbegin.o(.dtors)
 *crtbegin?.o(.dtors)
 *(EXCLUDE_FILE(*crtend.o *crtend?.o) .dtors)
 *(SORT_BY_NAME(.dtors.*))
 *(.dtors)
                0x10004b20                        . = ALIGN (0x4)
                0x10004b20                        PROVIDE (__preinit_array_start = .)
 *(SORT_BY_NAME(.preinit_array.*))
 .preinit_array.00100
                0x10004b20        0x4 CMakeFiles/tarefa_teclado_matricial.dir/C_/Users/Acee/.pico-sdk/sdk/2.1.0/src/rp2_common/pico_runtime_init/runtime_init.c.obj
                0x10004b20                __pre_init_runtime_init_early_resets
 .preinit_array.00101
                0x10004b24        0x4 CMakeFiles/tarefa_teclado_matricial.dir/C_/Users/Acee/.pico-sdk/sdk/2.1.0/src/rp2_common/pico_runtime_init/runtime_init.c.obj
                0x10004b24                __pre_init_runtime_init_usb_power_down
 .preinit_array.00275
                0x10004b28        0x4 CMakeFiles/tarefa_teclado_matricial.dir/C_/Users/Acee/.pico-sdk/sdk/2.1.0/src/rp2_common/pico_bit_ops/bit_ops_aeabi.S.obj
 .preinit_array.00300
                0x10004b2c        0x4 CMakeFiles/tarefa_teclado_matricial.dir/C_/Users/Acee/.pico-sdk/sdk/2.1.0/src/rp2_common/pico_mem_ops/mem_ops_aeabi.S.obj
 .preinit_array.00350
                0x10004b30        0x4 CMakeFiles/tarefa_teclado_matricial.dir/C_/Users/Acee/.pico-sdk/sdk/2.1.0/src/rp2_common/pico_double/double_aeabi_rp2040.S.obj
 .preinit_array.00350
                0x10004b34        0x4 CMakeFiles/tarefa_teclado_matricial.dir/C_/Users/Acee/.pico-sdk/sdk/2.1.0/src/rp2_common/pico_float/float_aeabi_rp2040.S.obj
 .preinit_array.00500
                0x10004b38        0x4 CMakeFiles/tarefa_teclado_matricial.dir/C_/Users/Acee/.pico-sdk/sdk/2.1.0/src/rp2_common/pico_runtime_init/runtime_init.c.obj
                0x10004b38                __pre_init_runtime_init_clocks
 .preinit_array.00600
                0x10004b3c        0x4 CMakeFiles/tarefa_teclado_matricial.dir/C_/Users/Acee/.pico-sdk/sdk/2.1.0/src/rp2_common/pico_runtime_init/runtime_init.c.obj
                0x10004b3c                __pre_init_runtime_init_post_clock_resets
 .preinit_array.00700
                0x10004b40        0x4 CMakeFiles/tarefa_teclado_matricial.dir/C_/Users/Acee/.pico-sdk/sdk/2.1.0/src/rp2_common/pico_runtime_init/runtime_init.c.obj
                0x10004b40                __pre_init_runtime_init_rp2040_gpio_ie_disable
 .preinit_array.01000
                0x10004b44        0x4 CMakeFiles/tarefa_teclado_matricial.dir/C_/Users/Acee/.pico-sdk/sdk/2.1.0/src/rp2_common/pico_runtime_init/runtime_init.c.obj
                0x10004b44                __pre_init_runtime_init_spin_locks_reset
 .preinit_array.01100
                0x10004b48        0x4 CMakeFiles/tarefa_teclado_matricial.dir/C_/Users/Acee/.pico-sdk/sdk/2.1.0/src/common/pico_sync/mutex.c.obj
                0x10004b48                __pre_init_runtime_init_mutex
 .preinit_array.10080
                0x10004b4c        0x4 CMakeFiles/tarefa_teclado_matricial.dir/C_/Users/Acee/.pico-sdk/sdk/2.1.0/src/rp2_common/pico_runtime_init/runtime_init.c.obj
                0x10004b4c                __pre_init_runtime_init_install_ram_vector_table
 .preinit_array.11000
                0x10004b50        0x4 CMakeFiles/tarefa_teclado_matricial.dir/C_/Users/Acee/.pico-sdk/sdk/2.1.0/src/common/pico_time/time.c.obj
                0x10004b50                __pre_init_runtime_init_default_alarm_pool
 .preinit_array.YYYYY
                0x10004b54        0x4 CMakeFiles/tarefa_teclado_matricial.dir/C_/Users/Acee/.pico-sdk/sdk/2.1.0/src/rp2_common/pico_runtime/runtime.c.obj
                0x10004b54                __pre_init_first_per_core_initializer
 .preinit_array.ZZZZZ.01200
                0x10004b58        0x4 CMakeFiles/tarefa_teclado_matricial.dir/C_/Users/Acee/.pico-sdk/sdk/2.1.0/src/rp2_common/hardware_irq/irq.c.obj
                0x10004b58                __pre_init_runtime_init_per_core_irq_priorities
 *(.preinit_array)
                0x10004b5c                        PROVIDE (__preinit_array_end = .)
                0x10004b5c                        . = ALIGN (0x4)
                0x10004b5c                        PROVIDE (__init_array_start = .)
 *(SORT_BY_NAME(.init_array.*))
 *(.init_array)
 .init_array    0x10004b5c        0x4 C:/Users/Acee/.pico-sdk/toolchain/13_3_Rel1/bin/../lib/gcc/arm-none-eabi/13.3.1/thumb/v6-m/nofp/crtbegin.o
 .init_array    0x10004b60        0x4 CMakeFiles/tarefa_teclado_matricial.dir/C_/Users/Acee/.pico-sdk/sdk/2.1.0/src/rp2_common/pico_unique_id/unique_id.c.obj
                0x10004b64                        PROVIDE (__init_array_end = .)
                0x10004b64                        . = ALIGN (0x4)
                [!provide]                        PROVIDE (__fini_array_start = .)
 *(SORT_BY_NAME(.fini_array.*))
 *(.fini_array)
                [!provide]                        PROVIDE (__fini_array_end = .)
 *(.eh_frame*)
 .eh_frame      0x10004b64        0x0 C:/Users/Acee/.pico-sdk/toolchain/13_3_Rel1/bin/../lib/gcc/arm-none-eabi/13.3.1/thumb/v6-m/nofp/crtbegin.o
                0x10004b64                        . = ALIGN (0x4)

.glue_7         0x10004b64        0x0
 .glue_7        0x10004b64        0x0 linker stubs

.glue_7t        0x10004b64        0x0
 .glue_7t       0x10004b64        0x0 linker stubs

.vfp11_veneer   0x10004b64        0x0
 .vfp11_veneer  0x10004b64        0x0 linker stubs

.v4_bx          0x10004b64        0x0
 .v4_bx         0x10004b64        0x0 linker stubs

.iplt           0x10004b64        0x0
 .iplt          0x10004b64        0x0 C:/Users/Acee/.pico-sdk/toolchain/13_3_Rel1/bin/../lib/gcc/arm-none-eabi/13.3.1/thumb/v6-m/nofp/crtbegin.o

.rodata         0x10004b64      0x4b0
 *(EXCLUDE_FILE(*libm.a: *libc.a:*lib_a-mem*.o *libgcc.a:) .rodata*)
 .rodata.GPIO_COLS
                0x10004b64       0x10 CMakeFiles/tarefa_teclado_matricial.dir/tarefa_teclado_matricial.c.obj
                0x10004b64                GPIO_COLS
 .rodata.GPIO_ROWS
                0x10004b74       0x10 CMakeFiles/tarefa_teclado_matricial.dir/tarefa_teclado_matricial.c.obj
                0x10004b74                GPIO_ROWS
 .rodata.panic.str1.4
                0x10004b84      0x1b0 CMakeFiles/tarefa_teclado_matricial.dir/C_/Users/Acee/.pico-sdk/sdk/2.1.0/src/rp2_common/pico_platform_panic/panic.c.obj
                                 0x12 (size before relaxing)
 .rodata.spin_lock_claim_unused.str1.4
                0x10004d34       0x1b CMakeFiles/tarefa_teclado_matricial.dir/C_/Users/Acee/.pico-sdk/sdk/2.1.0/src/rp2_common/hardware_sync/sync.c.obj
 .rodata.user_irq_claim_unused.str1.4
                0x10004d34       0x1b CMakeFiles/tarefa_teclado_matricial.dir/C_/Users/Acee/.pico-sdk/sdk/2.1.0/src/rp2_common/hardware_irq/irq.c.obj
 .rodata.timer_hardware_alarm_claim.str1.4
                0x10004d34       0x22 CMakeFiles/tarefa_teclado_matricial.dir/C_/Users/Acee/.pico-sdk/sdk/2.1.0/src/rp2_common/hardware_timer/timer.c.obj
 .rodata.hard_assertion_failure.str1.4
                0x10004d34        0xc CMakeFiles/tarefa_teclado_matricial.dir/C_/Users/Acee/.pico-sdk/sdk/2.1.0/src/rp2_common/pico_runtime/runtime.c.obj
 .rodata.missing_double_func_shim.str1.4
                0x10004d34       0x18 CMakeFiles/tarefa_teclado_matricial.dir/C_/Users/Acee/.pico-sdk/sdk/2.1.0/src/rp2_common/pico_double/double_init_rom_rp2040.c.obj
 .rodata.missing_float_func_shim.str1.4
                0x10004d34        0x1 CMakeFiles/tarefa_teclado_matricial.dir/C_/Users/Acee/.pico-sdk/sdk/2.1.0/src/rp2_common/pico_float/float_init_rom_rp2040.c.obj
 .rodata.str1.4
                0x10004d34       0x54 CMakeFiles/tarefa_teclado_matricial.dir/C_/Users/Acee/.pico-sdk/sdk/2.1.0/src/rp2_common/pico_standard_binary_info/standard_binary_info.c.obj
 .rodata.__bi_84
                0x10004d34        0xc CMakeFiles/tarefa_teclado_matricial.dir/C_/Users/Acee/.pico-sdk/sdk/2.1.0/src/rp2_common/pico_standard_binary_info/standard_binary_info.c.obj
 .rodata.__bi_78
                0x10004d40        0xc CMakeFiles/tarefa_teclado_matricial.dir/C_/Users/Acee/.pico-sdk/sdk/2.1.0/src/rp2_common/pico_standard_binary_info/standard_binary_info.c.obj
 .rodata.__bi_60
                0x10004d4c        0xc CMakeFiles/tarefa_teclado_matricial.dir/C_/Users/Acee/.pico-sdk/sdk/2.1.0/src/rp2_common/pico_standard_binary_info/standard_binary_info.c.obj
 .rodata.__bi_54
                0x10004d58        0xc CMakeFiles/tarefa_teclado_matricial.dir/C_/Users/Acee/.pico-sdk/sdk/2.1.0/src/rp2_common/pico_standard_binary_info/standard_binary_info.c.obj
 .rodata.__bi_48
                0x10004d64        0xc CMakeFiles/tarefa_teclado_matricial.dir/C_/Users/Acee/.pico-sdk/sdk/2.1.0/src/rp2_common/pico_standard_binary_info/standard_binary_info.c.obj
 .rodata.__bi_42
                0x10004d70        0xc CMakeFiles/tarefa_teclado_matricial.dir/C_/Users/Acee/.pico-sdk/sdk/2.1.0/src/rp2_common/pico_standard_binary_info/standard_binary_info.c.obj
 .rodata.__bi_34
                0x10004d7c        0xc CMakeFiles/tarefa_teclado_matricial.dir/C_/Users/Acee/.pico-sdk/sdk/2.1.0/src/rp2_common/pico_standard_binary_info/standard_binary_info.c.obj
 .rodata.__bi_26
                0x10004d88        0xc CMakeFiles/tarefa_teclado_matricial.dir/C_/Users/Acee/.pico-sdk/sdk/2.1.0/src/rp2_common/pico_standard_binary_info/standard_binary_info.c.obj
 .rodata.crlf_str.0
                0x10004d94        0x2 CMakeFiles/tarefa_teclado_matricial.dir/C_/Users/Acee/.pico-sdk/sdk/2.1.0/src/rp2_common/pico_stdio/stdio.c.obj
 .rodata.str1.4
                0x10004d96       0x2c CMakeFiles/tarefa_teclado_matricial.dir/C_/Users/Acee/.pico-sdk/sdk/2.1.0/src/rp2_common/pico_stdio_uart/stdio_uart.c.obj
 *fill*         0x10004d96        0x2 
 .rodata.__bi_45.4
                0x10004d98        0xc CMakeFiles/tarefa_teclado_matricial.dir/C_/Users/Acee/.pico-sdk/sdk/2.1.0/src/rp2_common/pico_stdio_uart/stdio_uart.c.obj
 .rodata.__bi_49.5
                0x10004da4        0x8 CMakeFiles/tarefa_teclado_matricial.dir/C_/Users/Acee/.pico-sdk/sdk/2.1.0/src/rp2_common/pico_stdio_uart/stdio_uart.c.obj
 .rodata.__bi_50.6
                0x10004dac        0x8 CMakeFiles/tarefa_teclado_matricial.dir/C_/Users/Acee/.pico-sdk/sdk/2.1.0/src/rp2_common/pico_stdio_uart/stdio_uart.c.obj
 .rodata._resetd_driver
                0x10004db4       0x20 CMakeFiles/tarefa_teclado_matricial.dir/C_/Users/Acee/.pico-sdk/sdk/2.1.0/src/rp2_common/pico_stdio_usb/reset_interface.c.obj
 .rodata.desc_ms_os_20
                0x10004dd4       0xa6 CMakeFiles/tarefa_teclado_matricial.dir/C_/Users/Acee/.pico-sdk/sdk/2.1.0/src/rp2_common/pico_stdio_usb/reset_interface.c.obj
 *fill*         0x10004e7a        0x2 
 .rodata.desc_bos
                0x10004e7c       0x21 CMakeFiles/tarefa_teclado_matricial.dir/C_/Users/Acee/.pico-sdk/sdk/2.1.0/src/rp2_common/pico_stdio_usb/reset_interface.c.obj
                0x10004e7c                desc_bos
 .rodata.str1.4
                0x10004e9d       0x13 CMakeFiles/tarefa_teclado_matricial.dir/C_/Users/Acee/.pico-sdk/sdk/2.1.0/src/rp2_common/pico_stdio_usb/stdio_usb.c.obj
 *fill*         0x10004e9d        0x3 
 .rodata.__bi_197.0
                0x10004ea0        0xc CMakeFiles/tarefa_teclado_matricial.dir/C_/Users/Acee/.pico-sdk/sdk/2.1.0/src/rp2_common/pico_stdio_usb/stdio_usb.c.obj
 .rodata.str1.4
                0x10004eac       0x2a CMakeFiles/tarefa_teclado_matricial.dir/C_/Users/Acee/.pico-sdk/sdk/2.1.0/src/rp2_common/pico_stdio_usb/stdio_usb_descriptors.c.obj
 .rodata.usbd_desc_str
                0x10004eac       0x18 CMakeFiles/tarefa_teclado_matricial.dir/C_/Users/Acee/.pico-sdk/sdk/2.1.0/src/rp2_common/pico_stdio_usb/stdio_usb_descriptors.c.obj
 .rodata.usbd_desc_cfg
                0x10004ec4       0x54 CMakeFiles/tarefa_teclado_matricial.dir/C_/Users/Acee/.pico-sdk/sdk/2.1.0/src/rp2_common/pico_stdio_usb/stdio_usb_descriptors.c.obj
 .rodata.usbd_desc_device
                0x10004f18       0x12 CMakeFiles/tarefa_teclado_matricial.dir/C_/Users/Acee/.pico-sdk/sdk/2.1.0/src/rp2_common/pico_stdio_usb/stdio_usb_descriptors.c.obj
 .rodata.str1.4
                0x10004f2a       0x14 CMakeFiles/tarefa_teclado_matricial.dir/C_/Users/Acee/.pico-sdk/sdk/2.1.0/lib/tinyusb/src/portable/raspberrypi/rp2040/dcd_rp2040.c.obj
 .rodata.str1.4
                0x10004f2a       0x48 CMakeFiles/tarefa_teclado_matricial.dir/C_/Users/Acee/.pico-sdk/sdk/2.1.0/lib/tinyusb/src/portable/raspberrypi/rp2040/rp2040_usb.c.obj
 *fill*         0x10004f2a        0x2 
 .rodata.tud_task_ext
                0x10004f2c       0x8c CMakeFiles/tarefa_teclado_matricial.dir/C_/Users/Acee/.pico-sdk/sdk/2.1.0/lib/tinyusb/src/device/usbd.c.obj
 .rodata        0x10004fb8       0x1c CMakeFiles/tarefa_teclado_matricial.dir/C_/Users/Acee/.pico-sdk/sdk/2.1.0/lib/tinyusb/src/device/usbd.c.obj
 .rodata._usbd_driver
                0x10004fd4       0x40 CMakeFiles/tarefa_teclado_matricial.dir/C_/Users/Acee/.pico-sdk/sdk/2.1.0/lib/tinyusb/src/device/usbd.c.obj
                0x10005014                        . = ALIGN (0x4)
 *(SORT_BY_ALIGNMENT(SORT_BY_NAME(.flashdata*)))
                0x10005014                        . = ALIGN (0x4)

.ARM.extab
 *(.ARM.extab* .gnu.linkonce.armextab.*)
                0x10005014                        __exidx_start = .

.ARM.exidx
 *(.ARM.exidx* .gnu.linkonce.armexidx.*)
                0x10005014                        __exidx_end = .
                0x10005014                        . = ALIGN (0x4)
                0x10005014                        __binary_info_start = .

.binary_info    0x10005014       0x30
 *(.binary_info.keep.*)
 .binary_info.keep.__bi_ptr84
                0x10005014        0x4 CMakeFiles/tarefa_teclado_matricial.dir/C_/Users/Acee/.pico-sdk/sdk/2.1.0/src/rp2_common/pico_standard_binary_info/standard_binary_info.c.obj
 .binary_info.keep.__bi_ptr78
                0x10005018        0x4 CMakeFiles/tarefa_teclado_matricial.dir/C_/Users/Acee/.pico-sdk/sdk/2.1.0/src/rp2_common/pico_standard_binary_info/standard_binary_info.c.obj
 .binary_info.keep.__bi_ptr60
                0x1000501c        0x4 CMakeFiles/tarefa_teclado_matricial.dir/C_/Users/Acee/.pico-sdk/sdk/2.1.0/src/rp2_common/pico_standard_binary_info/standard_binary_info.c.obj
 .binary_info.keep.__bi_ptr54
                0x10005020        0x4 CMakeFiles/tarefa_teclado_matricial.dir/C_/Users/Acee/.pico-sdk/sdk/2.1.0/src/rp2_common/pico_standard_binary_info/standard_binary_info.c.obj
 .binary_info.keep.__bi_ptr48
                0x10005024        0x4 CMakeFiles/tarefa_teclado_matricial.dir/C_/Users/Acee/.pico-sdk/sdk/2.1.0/src/rp2_common/pico_standard_binary_info/standard_binary_info.c.obj
 .binary_info.keep.__bi_ptr42
                0x10005028        0x4 CMakeFiles/tarefa_teclado_matricial.dir/C_/Users/Acee/.pico-sdk/sdk/2.1.0/src/rp2_common/pico_standard_binary_info/standard_binary_info.c.obj
 .binary_info.keep.__bi_ptr34
                0x1000502c        0x4 CMakeFiles/tarefa_teclado_matricial.dir/C_/Users/Acee/.pico-sdk/sdk/2.1.0/src/rp2_common/pico_standard_binary_info/standard_binary_info.c.obj
 .binary_info.keep.__bi_ptr26
                0x10005030        0x4 CMakeFiles/tarefa_teclado_matricial.dir/C_/Users/Acee/.pico-sdk/sdk/2.1.0/src/rp2_common/pico_standard_binary_info/standard_binary_info.c.obj
 *(.binary_info.*)
 .binary_info.__bi_ptr50
                0x10005034        0x4 CMakeFiles/tarefa_teclado_matricial.dir/C_/Users/Acee/.pico-sdk/sdk/2.1.0/src/rp2_common/pico_stdio_uart/stdio_uart.c.obj
 .binary_info.__bi_ptr49
                0x10005038        0x4 CMakeFiles/tarefa_teclado_matricial.dir/C_/Users/Acee/.pico-sdk/sdk/2.1.0/src/rp2_common/pico_stdio_uart/stdio_uart.c.obj
 .binary_info.__bi_ptr45
                0x1000503c        0x4 CMakeFiles/tarefa_teclado_matricial.dir/C_/Users/Acee/.pico-sdk/sdk/2.1.0/src/rp2_common/pico_stdio_uart/stdio_uart.c.obj
 .binary_info.__bi_ptr197
                0x10005040        0x4 CMakeFiles/tarefa_teclado_matricial.dir/C_/Users/Acee/.pico-sdk/sdk/2.1.0/src/rp2_common/pico_stdio_usb/stdio_usb.c.obj
                0x10005044                        __binary_info_end = .

.rel.dyn        0x10005044        0x0
 .rel.iplt      0x10005044        0x0 C:/Users/Acee/.pico-sdk/toolchain/13_3_Rel1/bin/../lib/gcc/arm-none-eabi/13.3.1/thumb/v6-m/nofp/crtbegin.o
                0x10005044                        . = ALIGN (0x4)

.ram_vector_table
                0x20000000       0xc0
 *(.ram_vector_table)
 .ram_vector_table
                0x20000000       0xc0 CMakeFiles/tarefa_teclado_matricial.dir/C_/Users/Acee/.pico-sdk/sdk/2.1.0/src/rp2_common/pico_runtime_init/runtime_init.c.obj
                0x20000000                ram_vector_table

.uninitialized_data
                0x200000c0        0x0
                0x200000c0                        . = ALIGN (0x4)
 *(.uninitialized_data*)

.data           0x200000c0      0xfb8 load address 0x10005044
                0x200000c0                        __data_start__ = .
 *(vtable)
 *(.time_critical*)
 .time_critical.mutex_try_enter
                0x200000c0       0x40 CMakeFiles/tarefa_teclado_matricial.dir/C_/Users/Acee/.pico-sdk/sdk/2.1.0/src/common/pico_sync/mutex.c.obj
                0x200000c0                mutex_try_enter
 .time_critical.mutex_try_enter_block_until
                0x20000100       0x9c CMakeFiles/tarefa_teclado_matricial.dir/C_/Users/Acee/.pico-sdk/sdk/2.1.0/src/common/pico_sync/mutex.c.obj
                0x20000100                mutex_try_enter_block_until
 .time_critical.mutex_enter_timeout_ms
                0x2000019c       0x90 CMakeFiles/tarefa_teclado_matricial.dir/C_/Users/Acee/.pico-sdk/sdk/2.1.0/src/common/pico_sync/mutex.c.obj
                0x2000019c                mutex_enter_timeout_ms
 .time_critical.mutex_exit
                0x2000022c       0x28 CMakeFiles/tarefa_teclado_matricial.dir/C_/Users/Acee/.pico-sdk/sdk/2.1.0/src/common/pico_sync/mutex.c.obj
                0x2000022c                mutex_exit
 .time_critical.flash_init_boot2_copyout
                0x20000254       0x30 CMakeFiles/tarefa_teclado_matricial.dir/C_/Users/Acee/.pico-sdk/sdk/2.1.0/src/rp2_common/hardware_flash/flash.c.obj
 .time_critical.flash_enable_xip_via_boot2
                0x20000284        0xc CMakeFiles/tarefa_teclado_matricial.dir/C_/Users/Acee/.pico-sdk/sdk/2.1.0/src/rp2_common/hardware_flash/flash.c.obj
 .time_critical.flash_cs_force
                0x20000290       0x38 CMakeFiles/tarefa_teclado_matricial.dir/C_/Users/Acee/.pico-sdk/sdk/2.1.0/src/rp2_common/hardware_flash/flash.c.obj
 .time_critical.flash_do_cmd
                0x200002c8       0xc0 CMakeFiles/tarefa_teclado_matricial.dir/C_/Users/Acee/.pico-sdk/sdk/2.1.0/src/rp2_common/hardware_flash/flash.c.obj
                0x200002c8                flash_do_cmd
 .time_critical.reset_non_control_endpoints
                0x20000388       0x68 CMakeFiles/tarefa_teclado_matricial.dir/C_/Users/Acee/.pico-sdk/sdk/2.1.0/lib/tinyusb/src/portable/raspberrypi/rp2040/dcd_rp2040.c.obj
 .time_critical.hw_handle_buff_status
                0x200003f0       0xb0 CMakeFiles/tarefa_teclado_matricial.dir/C_/Users/Acee/.pico-sdk/sdk/2.1.0/lib/tinyusb/src/portable/raspberrypi/rp2040/dcd_rp2040.c.obj
 .time_critical.dcd_rp2040_irq
                0x200004a0      0x578 CMakeFiles/tarefa_teclado_matricial.dir/C_/Users/Acee/.pico-sdk/sdk/2.1.0/lib/tinyusb/src/portable/raspberrypi/rp2040/dcd_rp2040.c.obj
 .time_critical.prepare_ep_buffer
                0x20000a18       0xe0 CMakeFiles/tarefa_teclado_matricial.dir/C_/Users/Acee/.pico-sdk/sdk/2.1.0/lib/tinyusb/src/portable/raspberrypi/rp2040/rp2040_usb.c.obj
 .time_critical.sync_ep_buffer
                0x20000af8       0xa8 CMakeFiles/tarefa_teclado_matricial.dir/C_/Users/Acee/.pico-sdk/sdk/2.1.0/lib/tinyusb/src/portable/raspberrypi/rp2040/rp2040_usb.c.obj
 .time_critical._hw_endpoint_xfer_sync
                0x20000ba0       0x28 CMakeFiles/tarefa_teclado_matricial.dir/C_/Users/Acee/.pico-sdk/sdk/2.1.0/lib/tinyusb/src/portable/raspberrypi/rp2040/rp2040_usb.c.obj
 .time_critical.e15_is_bulkin_ep
                0x20000bc8       0x28 CMakeFiles/tarefa_teclado_matricial.dir/C_/Users/Acee/.pico-sdk/sdk/2.1.0/lib/tinyusb/src/portable/raspberrypi/rp2040/rp2040_usb.c.obj
 .time_critical.e15_is_critical_frame_period
                0x20000bf0       0x34 CMakeFiles/tarefa_teclado_matricial.dir/C_/Users/Acee/.pico-sdk/sdk/2.1.0/lib/tinyusb/src/portable/raspberrypi/rp2040/rp2040_usb.c.obj
 .time_critical.hw_endpoint_reset_transfer
                0x20000c24        0xc CMakeFiles/tarefa_teclado_matricial.dir/C_/Users/Acee/.pico-sdk/sdk/2.1.0/lib/tinyusb/src/portable/raspberrypi/rp2040/rp2040_usb.c.obj
                0x20000c24                hw_endpoint_reset_transfer
 .time_critical._hw_endpoint_buffer_control_update32
                0x20000c30       0x50 CMakeFiles/tarefa_teclado_matricial.dir/C_/Users/Acee/.pico-sdk/sdk/2.1.0/lib/tinyusb/src/portable/raspberrypi/rp2040/rp2040_usb.c.obj
                0x20000c30                _hw_endpoint_buffer_control_update32
 .time_critical.hw_endpoint_start_next_buffer
                0x20000c80       0x6c CMakeFiles/tarefa_teclado_matricial.dir/C_/Users/Acee/.pico-sdk/sdk/2.1.0/lib/tinyusb/src/portable/raspberrypi/rp2040/rp2040_usb.c.obj
                0x20000c80                hw_endpoint_start_next_buffer
 .time_critical.hw_endpoint_xfer_continue
                0x20000cec       0x40 CMakeFiles/tarefa_teclado_matricial.dir/C_/Users/Acee/.pico-sdk/sdk/2.1.0/lib/tinyusb/src/portable/raspberrypi/rp2040/rp2040_usb.c.obj
                0x20000cec                hw_endpoint_xfer_continue
 .time_critical.tinyusb
                0x20000d2c      0x1e4 CMakeFiles/tarefa_teclado_matricial.dir/C_/Users/Acee/.pico-sdk/sdk/2.1.0/lib/tinyusb/src/device/usbd.c.obj
                0x20000d2c                dcd_event_handler
 *(.text*)
 .text          0x20000f10        0x4 C:/Users/Acee/.pico-sdk/toolchain/13_3_Rel1/bin/../lib/gcc/arm-none-eabi/13.3.1/thumb/v6-m/nofp\libgcc.a(_dvmd_tls.o)
                0x20000f10                __aeabi_idiv0
                0x20000f10                __aeabi_ldiv0
 *fill*         0x20000f14        0x4 
 .text.__stub   0x20000f18       0x80 linker stubs
                0x20000f98                        . = ALIGN (0x4)
 *(.rodata*)
                0x20000f98                        . = ALIGN (0x4)
 *(.data*)
 .data.striped_spin_lock_num
                0x20000f98        0x1 CMakeFiles/tarefa_teclado_matricial.dir/C_/Users/Acee/.pico-sdk/sdk/2.1.0/src/rp2_common/hardware_sync/sync.c.obj
 *fill*         0x20000f99        0x3 
 .data          0x20000f9c       0x48 CMakeFiles/tarefa_teclado_matricial.dir/C_/Users/Acee/.pico-sdk/sdk/2.1.0/src/rp2_common/hardware_irq/irq_handler_chain.S.obj
                0x20000f9c                irq_handler_chain_slots
                0x20000fcc                irq_handler_chain_first_slot
                0x20000fd6                irq_handler_chain_remove_tail
 .data.default_alarm_pool
                0x20000fe4       0x18 CMakeFiles/tarefa_teclado_matricial.dir/C_/Users/Acee/.pico-sdk/sdk/2.1.0/src/common/pico_time/time.c.obj
 *fill*         0x20000ffc        0x4 
 .data.aeabi_bits_funcs
                0x20001000       0x10 CMakeFiles/tarefa_teclado_matricial.dir/C_/Users/Acee/.pico-sdk/sdk/2.1.0/src/rp2_common/pico_bit_ops/bit_ops_aeabi.S.obj
                0x20001000                aeabi_bits_funcs
                0x20001010                aeabi_bits_funcs_end
 .data.aeabi_mem_funcs
                0x20001010       0x10 CMakeFiles/tarefa_teclado_matricial.dir/C_/Users/Acee/.pico-sdk/sdk/2.1.0/src/rp2_common/pico_mem_ops/mem_ops_aeabi.S.obj
                0x20001010                aeabi_mem_funcs
                0x20001020                aeabi_mem_funcs_end
 .data.stdio_uart
                0x20001020       0x18 CMakeFiles/tarefa_teclado_matricial.dir/C_/Users/Acee/.pico-sdk/sdk/2.1.0/src/rp2_common/pico_stdio_uart/stdio_uart.c.obj
                0x20001020                stdio_uart
 .data.stdio_usb
                0x20001038       0x18 CMakeFiles/tarefa_teclado_matricial.dir/C_/Users/Acee/.pico-sdk/sdk/2.1.0/src/rp2_common/pico_stdio_usb/stdio_usb.c.obj
                0x20001038                stdio_usb
 .data._usbd_qdef
                0x20001050       0x1c CMakeFiles/tarefa_teclado_matricial.dir/C_/Users/Acee/.pico-sdk/sdk/2.1.0/lib/tinyusb/src/device/usbd.c.obj
                0x20001050                _usbd_qdef
 .data._usbd_rhport
                0x2000106c        0x1 CMakeFiles/tarefa_teclado_matricial.dir/C_/Users/Acee/.pico-sdk/sdk/2.1.0/lib/tinyusb/src/device/usbd.c.obj
                0x20001070                        . = ALIGN (0x4)
 *fill*         0x2000106d        0x3 
 *(.after_data.*)
                0x20001070                        . = ALIGN (0x4)
                0x20001070                        PROVIDE (__mutex_array_start = .)
 *(SORT_BY_NAME(.mutex_array.*))
 *(.mutex_array)
 .mutex_array   0x20001070        0x8 CMakeFiles/tarefa_teclado_matricial.dir/C_/Users/Acee/.pico-sdk/sdk/2.1.0/src/rp2_common/pico_stdio/stdio.c.obj
                0x20001078                        PROVIDE (__mutex_array_end = .)
                0x20001078                        . = ALIGN (0x4)
 *(.jcr)
                0x20001078                        . = ALIGN (0x4)

.tm_clone_table
                0x20001078        0x0 load address 0x10005ffc
 .tm_clone_table
                0x20001078        0x0 C:/Users/Acee/.pico-sdk/toolchain/13_3_Rel1/bin/../lib/gcc/arm-none-eabi/13.3.1/thumb/v6-m/nofp/crtbegin.o
 .tm_clone_table
                0x20001078        0x0 C:/Users/Acee/.pico-sdk/toolchain/13_3_Rel1/bin/../lib/gcc/arm-none-eabi/13.3.1/thumb/v6-m/nofp/crtend.o

.igot.plt       0x20001078        0x0 load address 0x10005ffc
 .igot.plt      0x20001078        0x0 C:/Users/Acee/.pico-sdk/toolchain/13_3_Rel1/bin/../lib/gcc/arm-none-eabi/13.3.1/thumb/v6-m/nofp/crtbegin.o

.tdata          0x20001078        0x0 load address 0x10005ffc
                0x20001078                        . = ALIGN (0x4)
 *(.tdata .tdata.* .gnu.linkonce.td.*)
                0x20001078                        __tdata_end = .
                0x20001078                        PROVIDE (__data_end__ = .)
                0x10005044                        __etext = LOADADDR (.data)

.tbss           0x20001078        0x0 load address 0x10005ffc
                0x20001078                        . = ALIGN (0x4)
                0x20001078                        __bss_start__ = .
                0x20001078                        __tls_base = .
 *(.tbss .tbss.* .gnu.linkonce.tb.*)
 *(.tcommon)
                0x20001078                        __tls_end = .

.bss            0x20001078     0x1088 load address 0x10005ffc
                0x20001078                        . = ALIGN (0x4)
                0x20001078                        __tbss_end = .
 *(SORT_BY_ALIGNMENT(SORT_BY_NAME(.bss*)))
 .bss.default_alarm_pool_entries
                0x20001078      0x180 CMakeFiles/tarefa_teclado_matricial.dir/C_/Users/Acee/.pico-sdk/sdk/2.1.0/src/common/pico_time/time.c.obj
 .bss.last_avail_time.1
                0x200011f8        0x8 CMakeFiles/tarefa_teclado_matricial.dir/C_/Users/Acee/.pico-sdk/sdk/2.1.0/src/rp2_common/pico_stdio_usb/stdio_usb.c.obj
 .bss.sd_table  0x20001200      0x100 CMakeFiles/tarefa_teclado_matricial.dir/C_/Users/Acee/.pico-sdk/sdk/2.1.0/src/rp2_common/pico_double/double_init_rom_rp2040.c.obj
                0x20001200                sd_table
 .bss._app_driver
                0x20001300        0x4 CMakeFiles/tarefa_teclado_matricial.dir/C_/Users/Acee/.pico-sdk/sdk/2.1.0/lib/tinyusb/src/device/usbd.c.obj
 .bss._cdcd_fifo_cfg
                0x20001304        0x1 CMakeFiles/tarefa_teclado_matricial.dir/C_/Users/Acee/.pico-sdk/sdk/2.1.0/lib/tinyusb/src/class/cdc/cdc_device.c.obj
 *fill*         0x20001305        0x3 
 .bss._cdcd_itf
                0x20001308      0x2c8 CMakeFiles/tarefa_teclado_matricial.dir/C_/Users/Acee/.pico-sdk/sdk/2.1.0/lib/tinyusb/src/class/cdc/cdc_device.c.obj
 .bss._ctrl_xfer
                0x200015d0       0x14 CMakeFiles/tarefa_teclado_matricial.dir/C_/Users/Acee/.pico-sdk/sdk/2.1.0/lib/tinyusb/src/device/usbd_control.c.obj
 .bss._ubsd_mutexdef
                0x200015e4        0x8 CMakeFiles/tarefa_teclado_matricial.dir/C_/Users/Acee/.pico-sdk/sdk/2.1.0/lib/tinyusb/src/device/usbd.c.obj
 .bss._usbd_ctrl_buf
                0x200015ec       0x40 CMakeFiles/tarefa_teclado_matricial.dir/C_/Users/Acee/.pico-sdk/sdk/2.1.0/lib/tinyusb/src/device/usbd_control.c.obj
 .bss._usbd_dev
                0x2000162c       0x54 CMakeFiles/tarefa_teclado_matricial.dir/C_/Users/Acee/.pico-sdk/sdk/2.1.0/lib/tinyusb/src/device/usbd.c.obj
 .bss._usbd_mutex
                0x20001680        0x4 CMakeFiles/tarefa_teclado_matricial.dir/C_/Users/Acee/.pico-sdk/sdk/2.1.0/lib/tinyusb/src/device/usbd.c.obj
 .bss._usbd_q   0x20001684        0x4 CMakeFiles/tarefa_teclado_matricial.dir/C_/Users/Acee/.pico-sdk/sdk/2.1.0/lib/tinyusb/src/device/usbd.c.obj
 .bss._usbd_qdef_buf
                0x20001688       0xc0 CMakeFiles/tarefa_teclado_matricial.dir/C_/Users/Acee/.pico-sdk/sdk/2.1.0/lib/tinyusb/src/device/usbd.c.obj
                0x20001688                _usbd_qdef_buf
 .bss._vendord_itf
                0x20001748      0x2cc CMakeFiles/tarefa_teclado_matricial.dir/C_/Users/Acee/.pico-sdk/sdk/2.1.0/lib/tinyusb/src/class/vendor/vendor_device.c.obj
 .bss.boot2_copyout
                0x20001a14      0x100 CMakeFiles/tarefa_teclado_matricial.dir/C_/Users/Acee/.pico-sdk/sdk/2.1.0/src/rp2_common/hardware_flash/flash.c.obj
 .bss.chars_available_callback
                0x20001b14        0x4 CMakeFiles/tarefa_teclado_matricial.dir/C_/Users/Acee/.pico-sdk/sdk/2.1.0/src/rp2_common/pico_stdio_uart/stdio_uart.c.obj
 .bss.chars_available_callback
                0x20001b18        0x4 CMakeFiles/tarefa_teclado_matricial.dir/C_/Users/Acee/.pico-sdk/sdk/2.1.0/src/rp2_common/pico_stdio_usb/stdio_usb.c.obj
 .bss.chars_available_param
                0x20001b1c        0x4 CMakeFiles/tarefa_teclado_matricial.dir/C_/Users/Acee/.pico-sdk/sdk/2.1.0/src/rp2_common/pico_stdio_uart/stdio_uart.c.obj
 .bss.chars_available_param
                0x20001b20        0x4 CMakeFiles/tarefa_teclado_matricial.dir/C_/Users/Acee/.pico-sdk/sdk/2.1.0/src/rp2_common/pico_stdio_usb/stdio_usb.c.obj
 .bss.claimed   0x20001b24        0x4 CMakeFiles/tarefa_teclado_matricial.dir/C_/Users/Acee/.pico-sdk/sdk/2.1.0/src/rp2_common/hardware_sync/sync.c.obj
 .bss.claimed   0x20001b28        0x1 CMakeFiles/tarefa_teclado_matricial.dir/C_/Users/Acee/.pico-sdk/sdk/2.1.0/src/rp2_common/hardware_timer/timer.c.obj
 *fill*         0x20001b29        0x3 
 .bss.configured_freq
                0x20001b2c       0x28 CMakeFiles/tarefa_teclado_matricial.dir/C_/Users/Acee/.pico-sdk/sdk/2.1.0/src/rp2_common/hardware_clocks/clocks.c.obj
 .bss.desc_str.0
                0x20001b54       0x28 CMakeFiles/tarefa_teclado_matricial.dir/C_/Users/Acee/.pico-sdk/sdk/2.1.0/src/rp2_common/pico_stdio_usb/stdio_usb_descriptors.c.obj
 .bss.drivers   0x20001b7c        0x4 CMakeFiles/tarefa_teclado_matricial.dir/C_/Users/Acee/.pico-sdk/sdk/2.1.0/src/rp2_common/pico_stdio/stdio.c.obj
 .bss.e15_last_sof
                0x20001b80        0x4 CMakeFiles/tarefa_teclado_matricial.dir/C_/Users/Acee/.pico-sdk/sdk/2.1.0/lib/tinyusb/src/portable/raspberrypi/rp2040/rp2040_usb.c.obj
                0x20001b80                e15_last_sof
 .bss.filter    0x20001b84        0x4 CMakeFiles/tarefa_teclado_matricial.dir/C_/Users/Acee/.pico-sdk/sdk/2.1.0/src/rp2_common/pico_stdio/stdio.c.obj
 .bss.hw_endpoints
                0x20001b88      0x400 CMakeFiles/tarefa_teclado_matricial.dir/C_/Users/Acee/.pico-sdk/sdk/2.1.0/lib/tinyusb/src/portable/raspberrypi/rp2040/dcd_rp2040.c.obj
 .bss.lazy_vsnprintf
                0x20001f88        0x4 CMakeFiles/tarefa_teclado_matricial.dir/C_/Users/Acee/.pico-sdk/sdk/2.1.0/src/rp2_common/pico_printf/printf.c.obj
 .bss.load_value
                0x20001f8c        0x4 CMakeFiles/tarefa_teclado_matricial.dir/C_/Users/Acee/.pico-sdk/sdk/2.1.0/src/rp2_common/hardware_watchdog/watchdog.c.obj
 .bss.next_buffer_ptr
                0x20001f90        0x4 CMakeFiles/tarefa_teclado_matricial.dir/C_/Users/Acee/.pico-sdk/sdk/2.1.0/lib/tinyusb/src/portable/raspberrypi/rp2040/dcd_rp2040.c.obj
 .bss.object.0  0x20001f94       0x18 C:/Users/Acee/.pico-sdk/toolchain/13_3_Rel1/bin/../lib/gcc/arm-none-eabi/13.3.1/thumb/v6-m/nofp/crtbegin.o
 .bss.one_shot_timer_crit_sec
                0x20001fac        0x8 CMakeFiles/tarefa_teclado_matricial.dir/C_/Users/Acee/.pico-sdk/sdk/2.1.0/src/rp2_common/pico_stdio_usb/stdio_usb.c.obj
 .bss.pools     0x20001fb4       0x10 CMakeFiles/tarefa_teclado_matricial.dir/C_/Users/Acee/.pico-sdk/sdk/2.1.0/src/common/pico_time/time.c.obj
 .bss.retrieved_id
                0x20001fc4        0x8 CMakeFiles/tarefa_teclado_matricial.dir/C_/Users/Acee/.pico-sdk/sdk/2.1.0/src/rp2_common/pico_unique_id/unique_id.c.obj
 .bss.sf_clz_func
                0x20001fcc        0x4 CMakeFiles/tarefa_teclado_matricial.dir/C_/Users/Acee/.pico-sdk/sdk/2.1.0/src/rp2_common/pico_double/double_init_rom_rp2040.c.obj
                0x20001fcc                sf_clz_func
 .bss.sf_table  0x20001fd0      0x100 CMakeFiles/tarefa_teclado_matricial.dir/C_/Users/Acee/.pico-sdk/sdk/2.1.0/src/rp2_common/pico_float/float_init_rom_rp2040.c.obj
                0x20001fd0                sf_table
 .bss.sleep_notifier
                0x200020d0        0x4 CMakeFiles/tarefa_teclado_matricial.dir/C_/Users/Acee/.pico-sdk/sdk/2.1.0/src/common/pico_time/time.c.obj
 .bss.stdio_usb_mutex
                0x200020d4        0x8 CMakeFiles/tarefa_teclado_matricial.dir/C_/Users/Acee/.pico-sdk/sdk/2.1.0/src/rp2_common/pico_stdio_usb/stdio_usb.c.obj
 .bss.uart_char_to_line_feed
                0x200020dc        0x4 CMakeFiles/tarefa_teclado_matricial.dir/C_/Users/Acee/.pico-sdk/sdk/2.1.0/src/rp2_common/hardware_uart/uart.c.obj
                0x200020dc                uart_char_to_line_feed
 .bss.uart_instance
                0x200020e0        0x4 CMakeFiles/tarefa_teclado_matricial.dir/C_/Users/Acee/.pico-sdk/sdk/2.1.0/src/rp2_common/pico_stdio_uart/stdio_uart.c.obj
 .bss.usbd_serial_str
                0x200020e4       0x11 CMakeFiles/tarefa_teclado_matricial.dir/C_/Users/Acee/.pico-sdk/sdk/2.1.0/src/rp2_common/pico_stdio_usb/stdio_usb_descriptors.c.obj
 .bss._app_driver_count
                0x200020f5        0x1 CMakeFiles/tarefa_teclado_matricial.dir/C_/Users/Acee/.pico-sdk/sdk/2.1.0/lib/tinyusb/src/device/usbd.c.obj
 .bss._sof_enable
                0x200020f6        0x1 CMakeFiles/tarefa_teclado_matricial.dir/C_/Users/Acee/.pico-sdk/sdk/2.1.0/lib/tinyusb/src/portable/raspberrypi/rp2040/dcd_rp2040.c.obj
 .bss._usbd_queued_setup
                0x200020f7        0x1 CMakeFiles/tarefa_teclado_matricial.dir/C_/Users/Acee/.pico-sdk/sdk/2.1.0/lib/tinyusb/src/device/usbd.c.obj
 .bss.boot2_copyout_valid
                0x200020f8        0x1 CMakeFiles/tarefa_teclado_matricial.dir/C_/Users/Acee/.pico-sdk/sdk/2.1.0/src/rp2_common/hardware_flash/flash.c.obj
 .bss.irq_handler_chain_free_slot_head
                0x200020f9        0x1 CMakeFiles/tarefa_teclado_matricial.dir/C_/Users/Acee/.pico-sdk/sdk/2.1.0/src/rp2_common/hardware_irq/irq.c.obj
 .bss.itf_num   0x200020fa        0x1 CMakeFiles/tarefa_teclado_matricial.dir/C_/Users/Acee/.pico-sdk/sdk/2.1.0/src/rp2_common/pico_stdio_usb/reset_interface.c.obj
 .bss.low_priority_irq_num
                0x200020fb        0x1 CMakeFiles/tarefa_teclado_matricial.dir/C_/Users/Acee/.pico-sdk/sdk/2.1.0/src/rp2_common/pico_stdio_usb/stdio_usb.c.obj
 .bss.one_shot_timer_pending
                0x200020fc        0x1 CMakeFiles/tarefa_teclado_matricial.dir/C_/Users/Acee/.pico-sdk/sdk/2.1.0/src/rp2_common/pico_stdio_usb/stdio_usb.c.obj
 .bss.user_irq_claimed
                0x200020fd        0x1 CMakeFiles/tarefa_teclado_matricial.dir/C_/Users/Acee/.pico-sdk/sdk/2.1.0/src/rp2_common/hardware_irq/irq.c.obj
 *(COMMON)
                0x20002100                        . = ALIGN (0x4)
 *fill*         0x200020fe        0x2 
                0x20002100                        __bss_end__ = .

.heap           0x20002100      0x800 load address 0x10005ffc
                0x20002100                        __end__ = .
                0x20002100                        end = __end__
 *(.heap*)
 .heap          0x20002100      0x800 CMakeFiles/tarefa_teclado_matricial.dir/C_/Users/Acee/.pico-sdk/sdk/2.1.0/src/rp2_common/pico_crt0/crt0.S.obj
                0x20040000                        __HeapLimit = (ORIGIN (RAM) + LENGTH (RAM))

.scratch_x      0x20040000        0x0 load address 0x10005ffc
                0x20040000                        __scratch_x_start__ = .
 *(.scratch_x.*)
                0x20040000                        . = ALIGN (0x4)
                0x20040000                        __scratch_x_end__ = .
                0x10005ffc                        __scratch_x_source__ = LOADADDR (.scratch_x)

.scratch_y      0x20041000        0x0 load address 0x10005ffc
                0x20041000                        __scratch_y_start__ = .
 *(.scratch_y.*)
                0x20041000                        . = ALIGN (0x4)
                0x20041000                        __scratch_y_end__ = .
                0x10005ffc                        __scratch_y_source__ = LOADADDR (.scratch_y)

.stack1_dummy
 *(.stack1*)

.stack_dummy    0x20041000      0x800
 *(.stack*)
 .stack         0x20041000      0x800 CMakeFiles/tarefa_teclado_matricial.dir/C_/Users/Acee/.pico-sdk/sdk/2.1.0/src/rp2_common/pico_crt0/crt0.S.obj

.flash_end      0x10005ffc        0x0
 *(.embedded_end_block*)
                0x10005ffc                        PROVIDE (__flash_binary_end = .)
                0x20040000                        __StackLimit = (ORIGIN (RAM) + LENGTH (RAM))
                0x20041000                        __StackOneTop = (ORIGIN (SCRATCH_X) + LENGTH (SCRATCH_X))
                0x20042000                        __StackTop = (ORIGIN (SCRATCH_Y) + LENGTH (SCRATCH_Y))
                0x20041000                        __StackOneBottom = (__StackOneTop - SIZEOF (.stack1_dummy))
                0x20041800                        __StackBottom = (__StackTop - SIZEOF (.stack_dummy))
                0x20042000                        PROVIDE (__stack = __StackTop)
                [!provide]                        PROVIDE (__heap_start = __end__)
                [!provide]                        PROVIDE (__heap_end = __HeapLimit)
                [!provide]                        PROVIDE (__tls_align = MAX (ALIGNOF (.tdata), ALIGNOF (.tbss)))
                [!provide]                        PROVIDE (__tls_size_align = (((__tls_size + __tls_align) - 0x1) & ~ ((__tls_align - 0x1))))
                [!provide]                        PROVIDE (__arm32_tls_tcb_offset = MAX (0x8, __tls_align))
                [!provide]                        PROVIDE (_end = __end__)
                [!provide]                        PROVIDE (__llvm_libc_heap_limit = __HeapLimit)
                0x00000001                        ASSERT ((__StackLimit >= __HeapLimit), region RAM overflowed)
                0x00000001                        ASSERT (((__binary_info_header_end - __logical_binary_start) <= 0x100), Binary info must be in first 256 bytes of the binary)
LOAD CMakeFiles/tarefa_teclado_matricial.dir/tarefa_teclado_matricial.c.obj
LOAD CMakeFiles/tarefa_teclado_matricial.dir/C_/Users/Acee/.pico-sdk/sdk/2.1.0/src/rp2_common/pico_stdlib/stdlib.c.obj
LOAD CMakeFiles/tarefa_teclado_matricial.dir/C_/Users/Acee/.pico-sdk/sdk/2.1.0/src/rp2_common/hardware_gpio/gpio.c.obj
LOAD CMakeFiles/tarefa_teclado_matricial.dir/C_/Users/Acee/.pico-sdk/sdk/2.1.0/src/rp2040/pico_platform/platform.c.obj
LOAD CMakeFiles/tarefa_teclado_matricial.dir/C_/Users/Acee/.pico-sdk/sdk/2.1.0/src/rp2_common/pico_platform_panic/panic.c.obj
LOAD CMakeFiles/tarefa_teclado_matricial.dir/C_/Users/Acee/.pico-sdk/sdk/2.1.0/src/common/hardware_claim/claim.c.obj
LOAD CMakeFiles/tarefa_teclado_matricial.dir/C_/Users/Acee/.pico-sdk/sdk/2.1.0/src/rp2_common/hardware_sync/sync.c.obj
LOAD CMakeFiles/tarefa_teclado_matricial.dir/C_/Users/Acee/.pico-sdk/sdk/2.1.0/src/rp2_common/hardware_sync_spin_lock/sync_spin_lock.c.obj
LOAD CMakeFiles/tarefa_teclado_matricial.dir/C_/Users/Acee/.pico-sdk/sdk/2.1.0/src/rp2_common/hardware_irq/irq.c.obj
LOAD CMakeFiles/tarefa_teclado_matricial.dir/C_/Users/Acee/.pico-sdk/sdk/2.1.0/src/rp2_common/hardware_irq/irq_handler_chain.S.obj
LOAD CMakeFiles/tarefa_teclado_matricial.dir/C_/Users/Acee/.pico-sdk/sdk/2.1.0/src/common/pico_sync/sem.c.obj
LOAD CMakeFiles/tarefa_teclado_matricial.dir/C_/Users/Acee/.pico-sdk/sdk/2.1.0/src/common/pico_sync/lock_core.c.obj
LOAD CMakeFiles/tarefa_teclado_matricial.dir/C_/Users/Acee/.pico-sdk/sdk/2.1.0/src/common/pico_sync/mutex.c.obj
LOAD CMakeFiles/tarefa_teclado_matricial.dir/C_/Users/Acee/.pico-sdk/sdk/2.1.0/src/common/pico_sync/critical_section.c.obj
LOAD CMakeFiles/tarefa_teclado_matricial.dir/C_/Users/Acee/.pico-sdk/sdk/2.1.0/src/common/pico_time/time.c.obj
LOAD CMakeFiles/tarefa_teclado_matricial.dir/C_/Users/Acee/.pico-sdk/sdk/2.1.0/src/common/pico_time/timeout_helper.c.obj
LOAD CMakeFiles/tarefa_teclado_matricial.dir/C_/Users/Acee/.pico-sdk/sdk/2.1.0/src/rp2_common/hardware_timer/timer.c.obj
LOAD CMakeFiles/tarefa_teclado_matricial.dir/C_/Users/Acee/.pico-sdk/sdk/2.1.0/src/common/pico_util/datetime.c.obj
LOAD CMakeFiles/tarefa_teclado_matricial.dir/C_/Users/Acee/.pico-sdk/sdk/2.1.0/src/common/pico_util/pheap.c.obj
LOAD CMakeFiles/tarefa_teclado_matricial.dir/C_/Users/Acee/.pico-sdk/sdk/2.1.0/src/common/pico_util/queue.c.obj
LOAD CMakeFiles/tarefa_teclado_matricial.dir/C_/Users/Acee/.pico-sdk/sdk/2.1.0/src/rp2_common/hardware_uart/uart.c.obj
LOAD CMakeFiles/tarefa_teclado_matricial.dir/C_/Users/Acee/.pico-sdk/sdk/2.1.0/src/rp2_common/hardware_clocks/clocks.c.obj
LOAD CMakeFiles/tarefa_teclado_matricial.dir/C_/Users/Acee/.pico-sdk/sdk/2.1.0/src/rp2_common/hardware_pll/pll.c.obj
LOAD CMakeFiles/tarefa_teclado_matricial.dir/C_/Users/Acee/.pico-sdk/sdk/2.1.0/src/rp2_common/hardware_vreg/vreg.c.obj
LOAD CMakeFiles/tarefa_teclado_matricial.dir/C_/Users/Acee/.pico-sdk/sdk/2.1.0/src/rp2_common/hardware_watchdog/watchdog.c.obj
LOAD CMakeFiles/tarefa_teclado_matricial.dir/C_/Users/Acee/.pico-sdk/sdk/2.1.0/src/rp2_common/hardware_ticks/ticks.c.obj
LOAD CMakeFiles/tarefa_teclado_matricial.dir/C_/Users/Acee/.pico-sdk/sdk/2.1.0/src/rp2_common/pico_bootrom/bootrom.c.obj
LOAD CMakeFiles/tarefa_teclado_matricial.dir/C_/Users/Acee/.pico-sdk/sdk/2.1.0/src/rp2_common/pico_bootrom/bootrom_lock.c.obj
LOAD CMakeFiles/tarefa_teclado_matricial.dir/C_/Users/Acee/.pico-sdk/sdk/2.1.0/src/rp2_common/hardware_boot_lock/boot_lock.c.obj
LOAD CMakeFiles/tarefa_teclado_matricial.dir/C_/Users/Acee/.pico-sdk/sdk/2.1.0/src/rp2_common/pico_flash/flash.c.obj
LOAD CMakeFiles/tarefa_teclado_matricial.dir/C_/Users/Acee/.pico-sdk/sdk/2.1.0/src/rp2_common/hardware_xosc/xosc.c.obj
LOAD CMakeFiles/tarefa_teclado_matricial.dir/C_/Users/Acee/.pico-sdk/sdk/2.1.0/src/rp2_common/hardware_divider/divider.S.obj
LOAD CMakeFiles/tarefa_teclado_matricial.dir/C_/Users/Acee/.pico-sdk/sdk/2.1.0/src/rp2_common/pico_runtime/runtime.c.obj
LOAD CMakeFiles/tarefa_teclado_matricial.dir/C_/Users/Acee/.pico-sdk/sdk/2.1.0/src/rp2_common/pico_runtime_init/runtime_init.c.obj
LOAD CMakeFiles/tarefa_teclado_matricial.dir/C_/Users/Acee/.pico-sdk/sdk/2.1.0/src/rp2_common/pico_runtime_init/runtime_init_clocks.c.obj
LOAD CMakeFiles/tarefa_teclado_matricial.dir/C_/Users/Acee/.pico-sdk/sdk/2.1.0/src/rp2_common/pico_runtime_init/runtime_init_stack_guard.c.obj
LOAD CMakeFiles/tarefa_teclado_matricial.dir/C_/Users/Acee/.pico-sdk/sdk/2.1.0/src/rp2_common/pico_bit_ops/bit_ops_aeabi.S.obj
LOAD CMakeFiles/tarefa_teclado_matricial.dir/C_/Users/Acee/.pico-sdk/sdk/2.1.0/src/rp2_common/pico_divider/divider_hardware.S.obj
LOAD CMakeFiles/tarefa_teclado_matricial.dir/C_/Users/Acee/.pico-sdk/sdk/2.1.0/src/rp2_common/pico_double/double_aeabi_rp2040.S.obj
LOAD CMakeFiles/tarefa_teclado_matricial.dir/C_/Users/Acee/.pico-sdk/sdk/2.1.0/src/rp2_common/pico_double/double_init_rom_rp2040.c.obj
LOAD CMakeFiles/tarefa_teclado_matricial.dir/C_/Users/Acee/.pico-sdk/sdk/2.1.0/src/rp2_common/pico_double/double_math.c.obj